Archive member included to satisfy reference by file (symbol)

/opt/st/stm32cubeide_1.16.0_2/plugins/com.st.stm32cube.ide.mcu.externaltools.gnu-tools-for-stm32.12.3.rel1.linux64_1.0.200.202406132123/tools/bin/../lib/gcc/arm-none-eabi/12.3.1/../../../../arm-none-eabi/lib/thumb/v7e-m/nofp/libc_nano.a(libc_a-exit.o)
                              /opt/st/stm32cubeide_1.16.0_2/plugins/com.st.stm32cube.ide.mcu.externaltools.gnu-tools-for-stm32.12.3.rel1.linux64_1.0.200.202406132123/tools/bin/../lib/gcc/arm-none-eabi/12.3.1/../../../../arm-none-eabi/lib/thumb/v7e-m/nofp/crt0.o (exit)
/opt/st/stm32cubeide_1.16.0_2/plugins/com.st.stm32cube.ide.mcu.externaltools.gnu-tools-for-stm32.12.3.rel1.linux64_1.0.200.202406132123/tools/bin/../lib/gcc/arm-none-eabi/12.3.1/../../../../arm-none-eabi/lib/thumb/v7e-m/nofp/libc_nano.a(libc_a-nano-vfprintf_float.o)
                              (_printf_float)
/opt/st/stm32cubeide_1.16.0_2/plugins/com.st.stm32cube.ide.mcu.externaltools.gnu-tools-for-stm32.12.3.rel1.linux64_1.0.200.202406132123/tools/bin/../lib/gcc/arm-none-eabi/12.3.1/../../../../arm-none-eabi/lib/thumb/v7e-m/nofp/libc_nano.a(libc_a-nano-vfprintf_i.o)
                              /opt/st/stm32cubeide_1.16.0_2/plugins/com.st.stm32cube.ide.mcu.externaltools.gnu-tools-for-stm32.12.3.rel1.linux64_1.0.200.202406132123/tools/bin/../lib/gcc/arm-none-eabi/12.3.1/../../../../arm-none-eabi/lib/thumb/v7e-m/nofp/libc_nano.a(libc_a-nano-vfprintf_float.o) (_printf_common)
/opt/st/stm32cubeide_1.16.0_2/plugins/com.st.stm32cube.ide.mcu.externaltools.gnu-tools-for-stm32.12.3.rel1.linux64_1.0.200.202406132123/tools/bin/../lib/gcc/arm-none-eabi/12.3.1/../../../../arm-none-eabi/lib/thumb/v7e-m/nofp/libc_nano.a(libc_a-findfp.o)
                              /opt/st/stm32cubeide_1.16.0_2/plugins/com.st.stm32cube.ide.mcu.externaltools.gnu-tools-for-stm32.12.3.rel1.linux64_1.0.200.202406132123/tools/bin/../lib/gcc/arm-none-eabi/12.3.1/../../../../arm-none-eabi/lib/thumb/v7e-m/nofp/libc_nano.a(libc_a-exit.o) (__stdio_exit_handler)
/opt/st/stm32cubeide_1.16.0_2/plugins/com.st.stm32cube.ide.mcu.externaltools.gnu-tools-for-stm32.12.3.rel1.linux64_1.0.200.202406132123/tools/bin/../lib/gcc/arm-none-eabi/12.3.1/../../../../arm-none-eabi/lib/thumb/v7e-m/nofp/libc_nano.a(libc_a-fwalk.o)
                              /opt/st/stm32cubeide_1.16.0_2/plugins/com.st.stm32cube.ide.mcu.externaltools.gnu-tools-for-stm32.12.3.rel1.linux64_1.0.200.202406132123/tools/bin/../lib/gcc/arm-none-eabi/12.3.1/../../../../arm-none-eabi/lib/thumb/v7e-m/nofp/libc_nano.a(libc_a-findfp.o) (_fwalk_sglue)
/opt/st/stm32cubeide_1.16.0_2/plugins/com.st.stm32cube.ide.mcu.externaltools.gnu-tools-for-stm32.12.3.rel1.linux64_1.0.200.202406132123/tools/bin/../lib/gcc/arm-none-eabi/12.3.1/../../../../arm-none-eabi/lib/thumb/v7e-m/nofp/libc_nano.a(libc_a-stdio.o)
                              /opt/st/stm32cubeide_1.16.0_2/plugins/com.st.stm32cube.ide.mcu.externaltools.gnu-tools-for-stm32.12.3.rel1.linux64_1.0.200.202406132123/tools/bin/../lib/gcc/arm-none-eabi/12.3.1/../../../../arm-none-eabi/lib/thumb/v7e-m/nofp/libc_nano.a(libc_a-findfp.o) (__sread)
/opt/st/stm32cubeide_1.16.0_2/plugins/com.st.stm32cube.ide.mcu.externaltools.gnu-tools-for-stm32.12.3.rel1.linux64_1.0.200.202406132123/tools/bin/../lib/gcc/arm-none-eabi/12.3.1/../../../../arm-none-eabi/lib/thumb/v7e-m/nofp/libc_nano.a(libc_a-memset.o)
                              /opt/st/stm32cubeide_1.16.0_2/plugins/com.st.stm32cube.ide.mcu.externaltools.gnu-tools-for-stm32.12.3.rel1.linux64_1.0.200.202406132123/tools/bin/../lib/gcc/arm-none-eabi/12.3.1/../../../../arm-none-eabi/lib/thumb/v7e-m/nofp/crt0.o (memset)
/opt/st/stm32cubeide_1.16.0_2/plugins/com.st.stm32cube.ide.mcu.externaltools.gnu-tools-for-stm32.12.3.rel1.linux64_1.0.200.202406132123/tools/bin/../lib/gcc/arm-none-eabi/12.3.1/../../../../arm-none-eabi/lib/thumb/v7e-m/nofp/libc_nano.a(libc_a-localeconv.o)
                              /opt/st/stm32cubeide_1.16.0_2/plugins/com.st.stm32cube.ide.mcu.externaltools.gnu-tools-for-stm32.12.3.rel1.linux64_1.0.200.202406132123/tools/bin/../lib/gcc/arm-none-eabi/12.3.1/../../../../arm-none-eabi/lib/thumb/v7e-m/nofp/libc_nano.a(libc_a-nano-vfprintf_float.o) (_localeconv_r)
/opt/st/stm32cubeide_1.16.0_2/plugins/com.st.stm32cube.ide.mcu.externaltools.gnu-tools-for-stm32.12.3.rel1.linux64_1.0.200.202406132123/tools/bin/../lib/gcc/arm-none-eabi/12.3.1/../../../../arm-none-eabi/lib/thumb/v7e-m/nofp/libc_nano.a(libc_a-closer.o)
                              /opt/st/stm32cubeide_1.16.0_2/plugins/com.st.stm32cube.ide.mcu.externaltools.gnu-tools-for-stm32.12.3.rel1.linux64_1.0.200.202406132123/tools/bin/../lib/gcc/arm-none-eabi/12.3.1/../../../../arm-none-eabi/lib/thumb/v7e-m/nofp/libc_nano.a(libc_a-stdio.o) (_close_r)
[...]
Memory Configuration

Name             Origin             Length             Attributes
RAM              0x20000000         0x00020000         xrw
FLASH            0x08000000         0x00080000         xr
*default*        0x00000000         0xffffffff

Linker script and memory map

LOAD /opt/st/stm32cubeide_1.16.0_2/plugins/com.st.stm32cube.ide.mcu.externaltools.gnu-tools-for-stm32.12.3.rel1.linux64_1.0.200.202406132123/tools/bin/../lib/gcc/arm-none-eabi/12.3.1/thumb/v7e-m/nofp/crti.o
LOAD /opt/st/stm32cubeide_1.16.0_2/plugins/com.st.stm32cube.ide.mcu.externaltools.gnu-tools-for-stm32.12.3.rel1.linux64_1.0.200.202406132123/tools/bin/../lib/gcc/arm-none-eabi/12.3.1/thumb/v7e-m/nofp/crtbegin.o
LOAD /opt/st/stm32cubeide_1.16.0_2/plugins/com.st.stm32cube.ide.mcu.externaltools.gnu-tools-for-stm32.12.3.rel1.linux64_1.0.200.202406132123/tools/bin/../lib/gcc/arm-none-eabi/12.3.1/../../../../arm-none-eabi/lib/thumb/v7e-m/nofp/crt0.o
LOAD ./Core/Src/main.o
LOAD ./Core/Src/stm32f4xx_hal_msp.o
LOAD ./Core/Src/stm32f4xx_it.o
LOAD ./Core/Src/syscalls.o
LOAD ./Core/Src/sysmem.o
LOAD ./Core/Src/system_stm32f4xx.o
LOAD ./Core/Startup/startup_stm32f411retx.o
LOAD ./Drivers/STM32F4xx_HAL_Driver/Src/stm32f4xx_hal.o
LOAD ./Drivers/STM32F4xx_HAL_Driver/Src/stm32f4xx_hal_adc.o
LOAD ./Drivers/STM32F4xx_HAL_Driver/Src/stm32f4xx_hal_adc_ex.o
LOAD ./Drivers/STM32F4xx_HAL_Driver/Src/stm32f4xx_hal_cortex.o
LOAD ./Drivers/STM32F4xx_HAL_Driver/Src/stm32f4xx_hal_dma.o
LOAD ./Drivers/STM32F4xx_HAL_Driver/Src/stm32f4xx_hal_dma_ex.o
LOAD ./Drivers/STM32F4xx_HAL_Driver/Src/stm32f4xx_hal_exti.o
LOAD ./Drivers/STM32F4xx_HAL_Driver/Src/stm32f4xx_hal_flash.o
LOAD ./Drivers/STM32F4xx_HAL_Driver/Src/stm32f4xx_hal_flash_ex.o
LOAD ./Drivers/STM32F4xx_HAL_Driver/Src/stm32f4xx_hal_flash_ramfunc.o
LOAD ./Drivers/STM32F4xx_HAL_Driver/Src/stm32f4xx_hal_gpio.o
LOAD ./Drivers/STM32F4xx_HAL_Driver/Src/stm32f4xx_hal_pwr.o
LOAD ./Drivers/STM32F4xx_HAL_Driver/Src/stm32f4xx_hal_pwr_ex.o
LOAD ./Drivers/STM32F4xx_HAL_Driver/Src/stm32f4xx_hal_rcc.o
LOAD ./Drivers/STM32F4xx_HAL_Driver/Src/stm32f4xx_hal_rcc_ex.o
LOAD ./Drivers/STM32F4xx_HAL_Driver/Src/stm32f4xx_hal_tim.o
LOAD ./Drivers/STM32F4xx_HAL_Driver/Src/stm32f4xx_hal_tim_ex.o
LOAD ./Drivers/STM32F4xx_HAL_Driver/Src/stm32f4xx_hal_uart.o
LOAD ./Drivers/STM32F4xx_HAL_Driver/Src/stm32f4xx_ll_adc.o
START GROUP
LOAD /opt/st/stm32cubeide_1.16.0_2/plugins/com.st.stm32cube.ide.mcu.externaltools.gnu-tools-for-stm32.12.3.rel1.linux64_1.0.200.202406132123/tools/bin/../lib/gcc/arm-none-eabi/12.3.1/../../../../arm-none-eabi/lib/thumb/v7e-m/nofp/libc_nano.a
LOAD /opt/st/stm32cubeide_1.16.0_2/plugins/com.st.stm32cube.ide.mcu.externaltools.gnu-tools-for-stm32.12.3.rel1.linux64_1.0.200.202406132123/tools/bin/../lib/gcc/arm-none-eabi/12.3.1/../../../../arm-none-eabi/lib/thumb/v7e-m/nofp/libm.a
END GROUP
START GROUP
LOAD /opt/st/stm32cubeide_1.16.0_2/plugins/com.st.stm32cube.ide.mcu.externaltools.gnu-tools-for-stm32.12.3.rel1.linux64_1.0.200.202406132123/tools/bin/../lib/gcc/arm-none-eabi/12.3.1/thumb/v7e-m/nofp/libgcc.a
LOAD /opt/st/stm32cubeide_1.16.0_2/plugins/com.st.stm32cube.ide.mcu.externaltools.gnu-tools-for-stm32.12.3.rel1.linux64_1.0.200.202406132123/tools/bin/../lib/gcc/arm-none-eabi/12.3.1/../../../../arm-none-eabi/lib/thumb/v7e-m/nofp/libc_nano.a
END GROUP
START GROUP
LOAD /opt/st/stm32cubeide_1.16.0_2/plugins/com.st.stm32cube.ide.mcu.externaltools.gnu-tools-for-stm32.12.3.rel1.linux64_1.0.200.202406132123/tools/bin/../lib/gcc/arm-none-eabi/12.3.1/thumb/v7e-m/nofp/libgcc.a
LOAD /opt/st/stm32cubeide_1.16.0_2/plugins/com.st.stm32cube.ide.mcu.externaltools.gnu-tools-for-stm32.12.3.rel1.linux64_1.0.200.202406132123/tools/bin/../lib/gcc/arm-none-eabi/12.3.1/../../../../arm-none-eabi/lib/thumb/v7e-m/nofp/libc_nano.a
LOAD /opt/st/stm32cubeide_1.16.0_2/plugins/com.st.stm32cube.ide.mcu.externaltools.gnu-tools-for-stm32.12.3.rel1.linux64_1.0.200.202406132123/tools/bin/../lib/gcc/arm-none-eabi/12.3.1/../../../../arm-none-eabi/lib/thumb/v7e-m/nofp/libnosys.a
END GROUP
START GROUP
LOAD /opt/st/stm32cubeide_1.16.0_2/plugins/com.st.stm32cube.ide.mcu.externaltools.gnu-tools-for-stm32.12.3.rel1.linux64_1.0.200.202406132123/tools/bin/../lib/gcc/arm-none-eabi/12.3.1/thumb/v7e-m/nofp/libgcc.a
LOAD /opt/st/stm32cubeide_1.16.0_2/plugins/com.st.stm32cube.ide.mcu.externaltools.gnu-tools-for-stm32.12.3.rel1.linux64_1.0.200.202406132123/tools/bin/../lib/gcc/arm-none-eabi/12.3.1/../../../../arm-none-eabi/lib/thumb/v7e-m/nofp/libc_nano.a
LOAD /opt/st/stm32cubeide_1.16.0_2/plugins/com.st.stm32cube.ide.mcu.externaltools.gnu-tools-for-stm32.12.3.rel1.linux64_1.0.200.202406132123/tools/bin/../lib/gcc/arm-none-eabi/12.3.1/../../../../arm-none-eabi/lib/thumb/v7e-m/nofp/libnosys.a
END GROUP
LOAD /opt/st/stm32cubeide_1.16.0_2/plugins/com.st.stm32cube.ide.mcu.externaltools.gnu-tools-for-stm32.12.3.rel1.linux64_1.0.200.202406132123/tools/bin/../lib/gcc/arm-none-eabi/12.3.1/thumb/v7e-m/nofp/crtend.o
LOAD /opt/st/stm32cubeide_1.16.0_2/plugins/com.st.stm32cube.ide.mcu.externaltools.gnu-tools-for-stm32.12.3.rel1.linux64_1.0.200.202406132123/tools/bin/../lib/gcc/arm-none-eabi/12.3.1/thumb/v7e-m/nofp/crtn.o
                0x20020000                        _estack = (ORIGIN (RAM) + LENGTH (RAM))
                0x00000200                        _Min_Heap_Size = 0x200
                0x00000400                        _Min_Stack_Size = 0x400

.isr_vector     0x08000000      0x198
                0x08000000                        . = ALIGN (0x4)
 *(.isr_vector)
 .isr_vector    0x08000000      0x198 ./Core/Startup/startup_stm32f411retx.o
                0x08000000                g_pfnVectors
                0x08000198                        . = ALIGN (0x4)

.text           0x080001a0     0x3e30
                0x080001a0                        . = ALIGN (0x4)
 *(.text)
 .text          0x080001a0       0x40 /opt/st/stm32cubeide_1.16.0_2/plugins/com.st.stm32cube.ide.mcu.externaltools.gnu-tools-for-stm32.12.3.rel1.linux64_1.0.200.202406132123/tools/bin/../lib/gcc/arm-none-eabi/12.3.1/thumb/v7e-m/nofp/crtbegin.o
 .text          0x080001e0       0xa0 /opt/st/stm32cubeide_1.16.0_2/plugins/com.st.stm32cube.ide.mcu.externaltools.gnu-tools-for-stm32.12.3.rel1.linux64_1.0.200.202406132123/tools/bin/../lib/gcc/arm-none-eabi/12.3.1/../../../../arm-none-eabi/lib/thumb/v7e-m/nofp/libc_nano.a(libc_a-memchr.o)
                0x080001e0                memchr
 .text          0x08000280       0x10 /opt/st/stm32cubeide_1.16.0_2/plugins/com.st.stm32cube.ide.mcu.externaltools.gnu-tools-for-stm32.12.3.rel1.linux64_1.0.200.202406132123/tools/bin/../lib/gcc/arm-none-eabi/12.3.1/../../../../arm-none-eabi/lib/thumb/v7e-m/nofp/libc_nano.a(libc_a-strlen.o)
                0x08000280                strlen
 .text          0x08000290      0x168 /opt/st/stm32cubeide_1.16.0_2/plugins/com.st.stm32cube.ide.mcu.externaltools.gnu-tools-for-stm32.12.3.rel1.linux64_1.0.200.202406132123/tools/bin/../lib/gcc/arm-none-eabi/12.3.1/thumb/v7e-m/nofp/libgcc.a(_arm_mulsf3.o)
                0x08000290                __mulsf3
                0x08000290                __aeabi_fmul
 .text          0x080003f8      0x378 /opt/st/stm32cubeide_1.16.0_2/plugins/com.st.stm32cube.ide.mcu.externaltools.gnu-tools-for-stm32.12.3.rel1.linux64_1.0.200.202406132123/tools/bin/../lib/gcc/arm-none-eabi/12.3.1/thumb/v7e-m/nofp/libgcc.a(_arm_addsubdf3.o)
                0x080003f8                __aeabi_drsub
                0x08000400                __aeabi_dsub
                0x08000400                __subdf3
                0x08000404                __adddf3
                0x08000404                __aeabi_dadd
                0x0800067c                __aeabi_ui2d
                0x0800067c                __floatunsidf
                0x0800069c                __floatsidf
                0x0800069c                __aeabi_i2d
                0x080006c0                __extendsfdf2
                0x080006c0                __aeabi_f2d
                0x08000704                __aeabi_ul2d
                0x08000704                __floatundidf
                0x08000714                __floatdidf
                0x08000714                __aeabi_l2d
 .text          0x08000770      0x424 /opt/st/stm32cubeide_1.16.0_2/plugins/com.st.stm32cube.ide.mcu.externaltools.gnu-tools-for-stm32.12.3.rel1.linux64_1.0.200.202406132123/tools/bin/../lib/gcc/arm-none-eabi/12.3.1/thumb/v7e-m/nofp/libgcc.a(_arm_muldivdf3.o)
                0x08000770                __aeabi_dmul
                0x08000770                __muldf3
                0x080009c4                __aeabi_ddiv
                0x080009c4                __divdf3
 .text          0x08000b94      0x110 /opt/st/stm32cubeide_1.16.0_2/plugins/com.st.stm32cube.ide.mcu.externaltools.gnu-tools-for-stm32.12.3.rel1.linux64_1.0.200.202406132123/tools/bin/../lib/gcc/arm-none-eabi/12.3.1/thumb/v7e-m/nofp/libgcc.a(_arm_cmpdf2.o)
                0x08000b94                __gtdf2
                0x08000b94                __gedf2
                0x08000b9c                __ltdf2
                0x08000b9c                __ledf2
                0x08000ba4                __cmpdf2
                0x08000ba4                __eqdf2
                0x08000ba4                __nedf2
                0x08000c20                __aeabi_cdrcmple
                0x08000c30                __aeabi_cdcmple
                0x08000c30                __aeabi_cdcmpeq
                0x08000c40                __aeabi_dcmpeq
                0x08000c54                __aeabi_dcmplt
                0x08000c68                __aeabi_dcmple
                0x08000c7c                __aeabi_dcmpge
                0x08000c90                __aeabi_dcmpgt
 .text          0x08000ca4       0x2c /opt/st/stm32cubeide_1.16.0_2/plugins/com.st.stm32cube.ide.mcu.externaltools.gnu-tools-for-stm32.12.3.rel1.linux64_1.0.200.202406132123/tools/bin/../lib/gcc/arm-none-eabi/12.3.1/thumb/v7e-m/nofp/libgcc.a(_arm_unorddf2.o)
                0x08000ca4                __aeabi_dcmpun
                0x08000ca4                __unorddf2
 .text          0x08000cd0       0x50 /opt/st/stm32cubeide_1.16.0_2/plugins/com.st.stm32cube.ide.mcu.externaltools.gnu-tools-for-stm32.12.3.rel1.linux64_1.0.200.202406132123/tools/bin/../lib/gcc/arm-none-eabi/12.3.1/thumb/v7e-m/nofp/libgcc.a(_arm_fixdfsi.o)
                0x08000cd0                __fixdfsi
                0x08000cd0                __aeabi_d2iz
 .text          0x08000d20      0x21c /opt/st/stm32cubeide_1.16.0_2/plugins/com.st.stm32cube.ide.mcu.externaltools.gnu-tools-for-stm32.12.3.rel1.linux64_1.0.200.202406132123/tools/bin/../lib/gcc/arm-none-eabi/12.3.1/thumb/v7e-m/nofp/libgcc.a(_arm_addsubsf3.o)
                0x08000d20                __aeabi_frsub
                0x08000d28                __subsf3
                0x08000d28                __aeabi_fsub
                0x08000d2c                __aeabi_fadd
                0x08000d2c                __addsf3
                0x08000e8c                __aeabi_ui2f
                0x08000e8c                __floatunsisf
                0x08000e94                __aeabi_i2f
                0x08000e94                __floatsisf
                0x08000eb0                __floatundisf
                0x08000eb0                __aeabi_ul2f
                0x08000ec0                __floatdisf
                0x08000ec0                __aeabi_l2f
 *(.text*)
 .text.main     0x08000f3c       0x6c ./Core/Src/main.o
                0x08000f3c                main
 .text.MX_ADC1_Init
                0x08000fa8       0x40 ./Core/Src/main.o
 .text.delayMs  0x08000fe8       0x38 ./Core/Src/main.o
                0x08000fe8                delayMs
 .text.__io_putchar
                0x08001020       0x24 ./Core/Src/main.o
                0x08001020                __io_putchar
 .text.NMI_Handler
                0x08001044        0x8 ./Core/Src/stm32f4xx_it.o
                0x08001044                NMI_Handler
 .text.HardFault_Handler
                0x0800104c        0x8 ./Core/Src/stm32f4xx_it.o
                0x0800104c                HardFault_Handler
 .text.MemManage_Handler
                0x08001054        0x8 ./Core/Src/stm32f4xx_it.o
                0x08001054                MemManage_Handler
 .text.BusFault_Handler
                0x0800105c        0x8 ./Core/Src/stm32f4xx_it.o
                0x0800105c                BusFault_Handler
 .text.UsageFault_Handler
                0x08001064        0x8 ./Core/Src/stm32f4xx_it.o
                0x08001064                UsageFault_Handler
 .text.SVC_Handler
                0x0800106c        0xc ./Core/Src/stm32f4xx_it.o
                0x0800106c                SVC_Handler
 .text.DebugMon_Handler
                0x08001078        0xc ./Core/Src/stm32f4xx_it.o
                0x08001078                DebugMon_Handler
 .text.PendSV_Handler
                0x08001084        0xc ./Core/Src/stm32f4xx_it.o
                0x08001084                PendSV_Handler
 .text.SysTick_Handler
                0x08001090        0xc ./Core/Src/stm32f4xx_it.o
                0x08001090                SysTick_Handler
 .text._getpid  0x0800109c        0xe ./Core/Src/syscalls.o
                0x0800109c                _getpid
 .text._kill    0x080010aa       0x20 ./Core/Src/syscalls.o
                0x080010aa                _kill
 .text._exit    0x080010ca       0x16 ./Core/Src/syscalls.o
                0x080010ca                _exit
 .text._read    0x080010e0       0x3a ./Core/Src/syscalls.o
                0x080010e0                _read
 .text._write   0x0800111a       0x38 ./Core/Src/syscalls.o
                0x0800111a                _write
 .text._close   0x08001152       0x16 ./Core/Src/syscalls.o
                0x08001152                _close
 .text._fstat   0x08001168       0x1e ./Core/Src/syscalls.o
                0x08001168                _fstat
 .text._isatty  0x08001186       0x14 ./Core/Src/syscalls.o
                0x08001186                _isatty
 .text._lseek   0x0800119a       0x18 ./Core/Src/syscalls.o
                0x0800119a                _lseek
 *fill*         0x080011b2        0x2 
 .text._sbrk    0x080011b4       0x6c ./Core/Src/sysmem.o
                0x080011b4                _sbrk
 .text.SystemInit
                0x08001220        0xc ./Core/Src/system_stm32f4xx.o
                0x08001220                SystemInit
 .text.Reset_Handler
                0x0800122c       0x50 ./Core/Startup/startup_stm32f411retx.o
                0x0800122c                Reset_Handler
 .text.Default_Handler
                0x0800127c        0x2 ./Core/Startup/startup_stm32f411retx.o
                0x0800127c                RTC_Alarm_IRQHandler
                0x0800127c                EXTI2_IRQHandler
                0x0800127c                SPI4_IRQHandler
                0x0800127c                TIM1_CC_IRQHandler
                0x0800127c                DMA2_Stream5_IRQHandler
                0x0800127c                DMA1_Stream5_IRQHandler
                0x0800127c                PVD_IRQHandler
                0x0800127c                SDIO_IRQHandler
                0x0800127c                TAMP_STAMP_IRQHandler
                0x0800127c                EXTI3_IRQHandler
                0x0800127c                TIM1_UP_TIM10_IRQHandler
                0x0800127c                I2C3_ER_IRQHandler
                0x0800127c                EXTI0_IRQHandler
                0x0800127c                I2C2_EV_IRQHandler
                0x0800127c                DMA1_Stream2_IRQHandler
                0x0800127c                FPU_IRQHandler
                0x0800127c                DMA2_Stream2_IRQHandler
                0x0800127c                SPI1_IRQHandler
                0x0800127c                TIM1_BRK_TIM9_IRQHandler
                0x0800127c                DMA2_Stream3_IRQHandler
                0x0800127c                USART6_IRQHandler
                0x0800127c                DMA2_Stream0_IRQHandler
                0x0800127c                TIM4_IRQHandler
                0x0800127c                I2C1_EV_IRQHandler
                0x0800127c                DMA1_Stream6_IRQHandler
                0x0800127c                DMA1_Stream1_IRQHandler
                0x0800127c                TIM3_IRQHandler
                0x0800127c                RCC_IRQHandler
                0x0800127c                Default_Handler
                0x0800127c                EXTI15_10_IRQHandler
                0x0800127c                ADC_IRQHandler
                0x0800127c                DMA1_Stream7_IRQHandler
                0x0800127c                SPI5_IRQHandler
                0x0800127c                TIM5_IRQHandler
                0x0800127c                DMA2_Stream7_IRQHandler
                0x0800127c                I2C3_EV_IRQHandler
                0x0800127c                EXTI9_5_IRQHandler
                0x0800127c                RTC_WKUP_IRQHandler
                0x0800127c                SPI2_IRQHandler
                0x0800127c                DMA1_Stream0_IRQHandler
                0x0800127c                EXTI4_IRQHandler
                0x0800127c                WWDG_IRQHandler
                0x0800127c                TIM2_IRQHandler
                0x0800127c                OTG_FS_WKUP_IRQHandler
                0x0800127c                TIM1_TRG_COM_TIM11_IRQHandler
                0x0800127c                EXTI1_IRQHandler
                0x0800127c                USART2_IRQHandler
                0x0800127c                I2C2_ER_IRQHandler
                0x0800127c                DMA2_Stream1_IRQHandler
                0x0800127c                FLASH_IRQHandler
                0x0800127c                DMA2_Stream4_IRQHandler
                0x0800127c                USART1_IRQHandler
                0x0800127c                OTG_FS_IRQHandler
                0x0800127c                SPI3_IRQHandler
                0x0800127c                DMA1_Stream4_IRQHandler
                0x0800127c                I2C1_ER_IRQHandler
                0x0800127c                DMA2_Stream6_IRQHandler
                0x0800127c                DMA1_Stream3_IRQHandler
 *fill*         0x0800127e        0x2 
 .text.HAL_IncTick
                0x08001280       0x24 ./Drivers/STM32F4xx_HAL_Driver/Src/stm32f4xx_hal.o
                0x08001280                HAL_IncTick
 .text.HAL_GetTick
                0x080012a4       0x14 ./Drivers/STM32F4xx_HAL_Driver/Src/stm32f4xx_hal.o
                0x080012a4                HAL_GetTick
 .text.HAL_ADC_Start
                0x080012b8      0x164 ./Drivers/STM32F4xx_HAL_Driver/Src/stm32f4xx_hal_adc.o
                0x080012b8                HAL_ADC_Start
 .text.HAL_ADC_GetValue
                0x0800141c       0x18 ./Drivers/STM32F4xx_HAL_Driver/Src/stm32f4xx_hal_adc.o
                0x0800141c                HAL_ADC_GetValue
 .text.HAL_UART_Transmit
                0x08001434      0x116 ./Drivers/STM32F4xx_HAL_Driver/Src/stm32f4xx_hal_uart.o
                0x08001434                HAL_UART_Transmit
 .text.UART_WaitOnFlagUntilTimeout
                0x0800154a       0xb2 ./Drivers/STM32F4xx_HAL_Driver/Src/stm32f4xx_hal_uart.o
 .text.UART_EndRxTransfer
                0x080015fc       0xc4 ./Drivers/STM32F4xx_HAL_Driver/Src/stm32f4xx_hal_uart.o
 .text.__cvt    0x080016c0       0xc8 /opt/st/stm32cubeide_1.16.0_2/plugins/com.st.stm32cube.ide.mcu.externaltools.gnu-tools-for-stm32.12.3.rel1.linux64_1.0.200.202406132123/tools/bin/../lib/gcc/arm-none-eabi/12.3.1/../../../../arm-none-eabi/lib/thumb/v7e-m/nofp/libc_nano.a(libc_a-nano-vfprintf_float.o)
                0x080016c0                __cvt
 .text.__exponent
                0x08001788       0x74 /opt/st/stm32cubeide_1.16.0_2/plugins/com.st.stm32cube.ide.mcu.externaltools.gnu-tools-for-stm32.12.3.rel1.linux64_1.0.200.202406132123/tools/bin/../lib/gcc/arm-none-eabi/12.3.1/../../../../arm-none-eabi/lib/thumb/v7e-m/nofp/libc_nano.a(libc_a-nano-vfprintf_float.o)
                0x08001788                __exponent
 .text._printf_float
                0x080017fc      0x458 /opt/st/stm32cubeide_1.16.0_2/plugins/com.st.stm32cube.ide.mcu.externaltools.gnu-tools-for-stm32.12.3.rel1.linux64_1.0.200.202406132123/tools/bin/../lib/gcc/arm-none-eabi/12.3.1/../../../../arm-none-eabi/lib/thumb/v7e-m/nofp/libc_nano.a(libc_a-nano-vfprintf_float.o)
                0x080017fc                _printf_float
 .text._printf_common
                0x08001c54       0xda /opt/st/stm32cubeide_1.16.0_2/plugins/com.st.stm32cube.ide.mcu.externaltools.gnu-tools-for-stm32.12.3.rel1.linux64_1.0.200.202406132123/tools/bin/../lib/gcc/arm-none-eabi/12.3.1/../../../../arm-none-eabi/lib/thumb/v7e-m/nofp/libc_nano.a(libc_a-nano-vfprintf_i.o)
                0x08001c54                _printf_common
 *fill*         0x08001d2e        0x2 
 .text._printf_i
                0x08001d30      0x240 /opt/st/stm32cubeide_1.16.0_2/plugins/com.st.stm32cube.ide.mcu.externaltools.gnu-tools-for-stm32.12.3.rel1.linux64_1.0.200.202406132123/tools/bin/../lib/gcc/arm-none-eabi/12.3.1/../../../../arm-none-eabi/lib/thumb/v7e-m/nofp/libc_nano.a(libc_a-nano-vfprintf_i.o)
                0x08001d30                _printf_i
 .text.std      0x08001f70       0x6c /opt/st/stm32cubeide_1.16.0_2/plugins/com.st.stm32cube.ide.mcu.externaltools.gnu-tools-for-stm32.12.3.rel1.linux64_1.0.200.202406132123/tools/bin/../lib/gcc/arm-none-eabi/12.3.1/../../../../arm-none-eabi/lib/thumb/v7e-m/nofp/libc_nano.a(libc_a-findfp.o)
 .text.stdio_exit_handler
                0x08001fdc       0x18 /opt/st/stm32cubeide_1.16.0_2/plugins/com.st.stm32cube.ide.mcu.externaltools.gnu-tools-for-stm32.12.3.rel1.linux64_1.0.200.202406132123/tools/bin/../lib/gcc/arm-none-eabi/12.3.1/../../../../arm-none-eabi/lib/thumb/v7e-m/nofp/libc_nano.a(libc_a-findfp.o)
 .text.cleanup_stdio
                0x08001ff4       0x40 /opt/st/stm32cubeide_1.16.0_2/plugins/com.st.stm32cube.ide.mcu.externaltools.gnu-tools-for-stm32.12.3.rel1.linux64_1.0.200.202406132123/tools/bin/../lib/gcc/arm-none-eabi/12.3.1/../../../../arm-none-eabi/lib/thumb/v7e-m/nofp/libc_nano.a(libc_a-findfp.o)
 .text.global_stdio_init.part.0
                0x08002034       0x3c /opt/st/stm32cubeide_1.16.0_2/plugins/com.st.stm32cube.ide.mcu.externaltools.gnu-tools-for-stm32.12.3.rel1.linux64_1.0.200.202406132123/tools/bin/../lib/gcc/arm-none-eabi/12.3.1/../../../../arm-none-eabi/lib/thumb/v7e-m/nofp/libc_nano.a(libc_a-findfp.o)
 .text.__sfp_lock_acquire
                0x08002070        0xc /opt/st/stm32cubeide_1.16.0_2/plugins/com.st.stm32cube.ide.mcu.externaltools.gnu-tools-for-stm32.12.3.rel1.linux64_1.0.200.202406132123/tools/bin/../lib/gcc/arm-none-eabi/12.3.1/../../../../arm-none-eabi/lib/thumb/v7e-m/nofp/libc_nano.a(libc_a-findfp.o)
                0x08002070                __sfp_lock_acquire
 .text.__sfp_lock_release
                0x0800207c        0xc /opt/st/stm32cubeide_1.16.0_2/plugins/com.st.stm32cube.ide.mcu.externaltools.gnu-tools-for-stm32.12.3.rel1.linux64_1.0.200.202406132123/tools/bin/../lib/gcc/arm-none-eabi/12.3.1/../../../../arm-none-eabi/lib/thumb/v7e-m/nofp/libc_nano.a(libc_a-findfp.o)
                0x0800207c                __sfp_lock_release
 .text.__sinit  0x08002088       0x30 /opt/st/stm32cubeide_1.16.0_2/plugins/com.st.stm32cube.ide.mcu.externaltools.gnu-tools-for-stm32.12.3.rel1.linux64_1.0.200.202406132123/tools/bin/../lib/gcc/arm-none-eabi/12.3.1/../../../../arm-none-eabi/lib/thumb/v7e-m/nofp/libc_nano.a(libc_a-findfp.o)
                0x08002088                __sinit
 .text._fwalk_sglue
                0x080020b8       0x3c /opt/st/stm32cubeide_1.16.0_2/plugins/com.st.stm32cube.ide.mcu.externaltools.gnu-tools-for-stm32.12.3.rel1.linux64_1.0.200.202406132123/tools/bin/../lib/gcc/arm-none-eabi/12.3.1/../../../../arm-none-eabi/lib/thumb/v7e-m/nofp/libc_nano.a(libc_a-fwalk.o)
                0x080020b8                _fwalk_sglue
 .text.__sread  0x080020f4       0x22 /opt/st/stm32cubeide_1.16.0_2/plugins/com.st.stm32cube.ide.mcu.externaltools.gnu-tools-for-stm32.12.3.rel1.linux64_1.0.200.202406132123/tools/bin/../lib/gcc/arm-none-eabi/12.3.1/../../../../arm-none-eabi/lib/thumb/v7e-m/nofp/libc_nano.a(libc_a-stdio.o)
                0x080020f4                __sread
 .text.__swrite
                0x08002116       0x38 /opt/st/stm32cubeide_1.16.0_2/plugins/com.st.stm32cube.ide.mcu.externaltools.gnu-tools-for-stm32.12.3.rel1.linux64_1.0.200.202406132123/tools/bin/../lib/gcc/arm-none-eabi/12.3.1/../../../../arm-none-eabi/lib/thumb/v7e-m/nofp/libc_nano.a(libc_a-stdio.o)
                0x08002116                __swrite
 .text.__sseek  0x0800214e       0x24 /opt/st/stm32cubeide_1.16.0_2/plugins/com.st.stm32cube.ide.mcu.externaltools.gnu-tools-for-stm32.12.3.rel1.linux64_1.0.200.202406132123/tools/bin/../lib/gcc/arm-none-eabi/12.3.1/../../../../arm-none-eabi/lib/thumb/v7e-m/nofp/libc_nano.a(libc_a-stdio.o)
                0x0800214e                __sseek
 .text.__sclose
                0x08002172        0x8 /opt/st/stm32cubeide_1.16.0_2/plugins/com.st.stm32cube.ide.mcu.externaltools.gnu-tools-for-stm32.12.3.rel1.linux64_1.0.200.202406132123/tools/bin/../lib/gcc/arm-none-eabi/12.3.1/../../../../arm-none-eabi/lib/thumb/v7e-m/nofp/libc_nano.a(libc_a-stdio.o)
                0x08002172                __sclose
 .text.memset   0x0800217a       0x10 /opt/st/stm32cubeide_1.16.0_2/plugins/com.st.stm32cube.ide.mcu.externaltools.gnu-tools-for-stm32.12.3.rel1.linux64_1.0.200.202406132123/tools/bin/../lib/gcc/arm-none-eabi/12.3.1/../../../../arm-none-eabi/lib/thumb/v7e-m/nofp/libc_nano.a(libc_a-memset.o)
                0x0800217a                memset
 *fill*         0x0800218a        0x2 
 .text._localeconv_r
                0x0800218c        0x8 /opt/st/stm32cubeide_1.16.0_2/plugins/com.st.stm32cube.ide.mcu.externaltools.gnu-tools-for-stm32.12.3.rel1.linux64_1.0.200.202406132123/tools/bin/../lib/gcc/arm-none-eabi/12.3.1/../../../../arm-none-eabi/lib/thumb/v7e-m/nofp/libc_nano.a(libc_a-localeconv.o)
                0x0800218c                _localeconv_r
 .text._close_r
                0x08002194       0x20 /opt/st/stm32cubeide_1.16.0_2/plugins/com.st.stm32cube.ide.mcu.externaltools.gnu-tools-for-stm32.12.3.rel1.linux64_1.0.200.202406132123/tools/bin/../lib/gcc/arm-none-eabi/12.3.1/../../../../arm-none-eabi/lib/thumb/v7e-m/nofp/libc_nano.a(libc_a-closer.o)
                0x08002194                _close_r
 .text._lseek_r
                0x080021b4       0x24 /opt/st/stm32cubeide_1.16.0_2/plugins/com.st.stm32cube.ide.mcu.externaltools.gnu-tools-for-stm32.12.3.rel1.linux64_1.0.200.202406132123/tools/bin/../lib/gcc/arm-none-eabi/12.3.1/../../../../arm-none-eabi/lib/thumb/v7e-m/nofp/libc_nano.a(libc_a-lseekr.o)
                0x080021b4                _lseek_r
 .text._read_r  0x080021d8       0x24 /opt/st/stm32cubeide_1.16.0_2/plugins/com.st.stm32cube.ide.mcu.externaltools.gnu-tools-for-stm32.12.3.rel1.linux64_1.0.200.202406132123/tools/bin/../lib/gcc/arm-none-eabi/12.3.1/../../../../arm-none-eabi/lib/thumb/v7e-m/nofp/libc_nano.a(libc_a-readr.o)
                0x080021d8                _read_r
 .text._write_r
                0x080021fc       0x24 /opt/st/stm32cubeide_1.16.0_2/plugins/com.st.stm32cube.ide.mcu.externaltools.gnu-tools-for-stm32.12.3.rel1.linux64_1.0.200.202406132123/tools/bin/../lib/gcc/arm-none-eabi/12.3.1/../../../../arm-none-eabi/lib/thumb/v7e-m/nofp/libc_nano.a(libc_a-writer.o)
                0x080021fc                _write_r
 .text.__errno  0x08002220        0xc /opt/st/stm32cubeide_1.16.0_2/plugins/com.st.stm32cube.ide.mcu.externaltools.gnu-tools-for-stm32.12.3.rel1.linux64_1.0.200.202406132123/tools/bin/../lib/gcc/arm-none-eabi/12.3.1/../../../../arm-none-eabi/lib/thumb/v7e-m/nofp/libc_nano.a(libc_a-errno.o)
                0x08002220                __errno
 .text.__libc_init_array
                0x0800222c       0x48 /opt/st/stm32cubeide_1.16.0_2/plugins/com.st.stm32cube.ide.mcu.externaltools.gnu-tools-for-stm32.12.3.rel1.linux64_1.0.200.202406132123/tools/bin/../lib/gcc/arm-none-eabi/12.3.1/../../../../arm-none-eabi/lib/thumb/v7e-m/nofp/libc_nano.a(libc_a-init.o)
                0x0800222c                __libc_init_array
 .text.__retarget_lock_init_recursive
                0x08002274        0x2 /opt/st/stm32cubeide_1.16.0_2/plugins/com.st.stm32cube.ide.mcu.externaltools.gnu-tools-for-stm32.12.3.rel1.linux64_1.0.200.202406132123/tools/bin/../lib/gcc/arm-none-eabi/12.3.1/../../../../arm-none-eabi/lib/thumb/v7e-m/nofp/libc_nano.a(libc_a-lock.o)
                0x08002274                __retarget_lock_init_recursive
 .text.__retarget_lock_acquire_recursive
                0x08002276        0x2 /opt/st/stm32cubeide_1.16.0_2/plugins/com.st.stm32cube.ide.mcu.externaltools.gnu-tools-for-stm32.12.3.rel1.linux64_1.0.200.202406132123/tools/bin/../lib/gcc/arm-none-eabi/12.3.1/../../../../arm-none-eabi/lib/thumb/v7e-m/nofp/libc_nano.a(libc_a-lock.o)
                0x08002276                __retarget_lock_acquire_recursive
 .text.__retarget_lock_release_recursive
                0x08002278        0x2 /opt/st/stm32cubeide_1.16.0_2/plugins/com.st.stm32cube.ide.mcu.externaltools.gnu-tools-for-stm32.12.3.rel1.linux64_1.0.200.202406132123/tools/bin/../lib/gcc/arm-none-eabi/12.3.1/../../../../arm-none-eabi/lib/thumb/v7e-m/nofp/libc_nano.a(libc_a-lock.o)
                0x08002278                __retarget_lock_release_recursive
 .text.quorem   0x0800227a      0x110 /opt/st/stm32cubeide_1.16.0_2/plugins/com.st.stm32cube.ide.mcu.externaltools.gnu-tools-for-stm32.12.3.rel1.linux64_1.0.200.202406132123/tools/bin/../lib/gcc/arm-none-eabi/12.3.1/../../../../arm-none-eabi/lib/thumb/v7e-m/nofp/libc_nano.a(libc_a-dtoa.o)
 *fill*         0x0800238a        0x6 
 .text._dtoa_r  0x08002390      0xb90 /opt/st/stm32cubeide_1.16.0_2/plugins/com.st.stm32cube.ide.mcu.externaltools.gnu-tools-for-stm32.12.3.rel1.linux64_1.0.200.202406132123/tools/bin/../lib/gcc/arm-none-eabi/12.3.1/../../../../arm-none-eabi/lib/thumb/v7e-m/nofp/libc_nano.a(libc_a-dtoa.o)
                0x08002390                _dtoa_r
 .text._free_r  0x08002f20       0x94 /opt/st/stm32cubeide_1.16.0_2/plugins/com.st.stm32cube.ide.mcu.externaltools.gnu-tools-for-stm32.12.3.rel1.linux64_1.0.200.202406132123/tools/bin/../lib/gcc/arm-none-eabi/12.3.1/../../../../arm-none-eabi/lib/thumb/v7e-m/nofp/libc_nano.a(libc_a-freer.o)
                0x08002f20                _free_r
 .text.malloc   0x08002fb4       0x10 /opt/st/stm32cubeide_1.16.0_2/plugins/com.st.stm32cube.ide.mcu.externaltools.gnu-tools-for-stm32.12.3.rel1.linux64_1.0.200.202406132123/tools/bin/../lib/gcc/arm-none-eabi/12.3.1/../../../../arm-none-eabi/lib/thumb/v7e-m/nofp/libc_nano.a(libc_a-malloc.o)
                0x08002fb4                malloc
 .text.sbrk_aligned
                0x08002fc4       0x44 /opt/st/stm32cubeide_1.16.0_2/plugins/com.st.stm32cube.ide.mcu.externaltools.gnu-tools-for-stm32.12.3.rel1.linux64_1.0.200.202406132123/tools/bin/../lib/gcc/arm-none-eabi/12.3.1/../../../../arm-none-eabi/lib/thumb/v7e-m/nofp/libc_nano.a(libc_a-mallocr.o)
 .text._malloc_r
                0x08003008      0x100 /opt/st/stm32cubeide_1.16.0_2/plugins/com.st.stm32cube.ide.mcu.externaltools.gnu-tools-for-stm32.12.3.rel1.linux64_1.0.200.202406132123/tools/bin/../lib/gcc/arm-none-eabi/12.3.1/../../../../arm-none-eabi/lib/thumb/v7e-m/nofp/libc_nano.a(libc_a-mallocr.o)
                0x08003008                _malloc_r
 .text.__malloc_lock
                0x08003108        0xc /opt/st/stm32cubeide_1.16.0_2/plugins/com.st.stm32cube.ide.mcu.externaltools.gnu-tools-for-stm32.12.3.rel1.linux64_1.0.200.202406132123/tools/bin/../lib/gcc/arm-none-eabi/12.3.1/../../../../arm-none-eabi/lib/thumb/v7e-m/nofp/libc_nano.a(libc_a-mlock.o)
                0x08003108                __malloc_lock
 .text.__malloc_unlock
                0x08003114        0xc /opt/st/stm32cubeide_1.16.0_2/plugins/com.st.stm32cube.ide.mcu.externaltools.gnu-tools-for-stm32.12.3.rel1.linux64_1.0.200.202406132123/tools/bin/../lib/gcc/arm-none-eabi/12.3.1/../../../../arm-none-eabi/lib/thumb/v7e-m/nofp/libc_nano.a(libc_a-mlock.o)
                0x08003114                __malloc_unlock
 .text._Balloc  0x08003120       0x80 /opt/st/stm32cubeide_1.16.0_2/plugins/com.st.stm32cube.ide.mcu.externaltools.gnu-tools-for-stm32.12.3.rel1.linux64_1.0.200.202406132123/tools/bin/../lib/gcc/arm-none-eabi/12.3.1/../../../../arm-none-eabi/lib/thumb/v7e-m/nofp/libc_nano.a(libc_a-mprec.o)
                0x08003120                _Balloc
 .text._Bfree   0x080031a0       0x44 /opt/st/stm32cubeide_1.16.0_2/plugins/com.st.stm32cube.ide.mcu.externaltools.gnu-tools-for-stm32.12.3.rel1.linux64_1.0.200.202406132123/tools/bin/../lib/gcc/arm-none-eabi/12.3.1/../../../../arm-none-eabi/lib/thumb/v7e-m/nofp/libc_nano.a(libc_a-mprec.o)
                0x080031a0                _Bfree
 .text.__multadd
                0x080031e4       0x8c /opt/st/stm32cubeide_1.16.0_2/plugins/com.st.stm32cube.ide.mcu.externaltools.gnu-tools-for-stm32.12.3.rel1.linux64_1.0.200.202406132123/tools/bin/../lib/gcc/arm-none-eabi/12.3.1/../../../../arm-none-eabi/lib/thumb/v7e-m/nofp/libc_nano.a(libc_a-mprec.o)
                0x080031e4                __multadd
 .text.__hi0bits
                0x08003270       0x3e /opt/st/stm32cubeide_1.16.0_2/plugins/com.st.stm32cube.ide.mcu.externaltools.gnu-tools-for-stm32.12.3.rel1.linux64_1.0.200.202406132123/tools/bin/../lib/gcc/arm-none-eabi/12.3.1/../../../../arm-none-eabi/lib/thumb/v7e-m/nofp/libc_nano.a(libc_a-mprec.o)
                0x08003270                __hi0bits
 .text.__lo0bits
                0x080032ae       0x5a /opt/st/stm32cubeide_1.16.0_2/plugins/com.st.stm32cube.ide.mcu.externaltools.gnu-tools-for-stm32.12.3.rel1.linux64_1.0.200.202406132123/tools/bin/../lib/gcc/arm-none-eabi/12.3.1/../../../../arm-none-eabi/lib/thumb/v7e-m/nofp/libc_nano.a(libc_a-mprec.o)
                0x080032ae                __lo0bits
 .text.__i2b    0x08003308       0x2c /opt/st/stm32cubeide_1.16.0_2/plugins/com.st.stm32cube.ide.mcu.externaltools.gnu-tools-for-stm32.12.3.rel1.linux64_1.0.200.202406132123/tools/bin/../lib/gcc/arm-none-eabi/12.3.1/../../../../arm-none-eabi/lib/thumb/v7e-m/nofp/libc_nano.a(libc_a-mprec.o)
                0x08003308                __i2b
 .text.__multiply
                0x08003334      0x154 /opt/st/stm32cubeide_1.16.0_2/plugins/com.st.stm32cube.ide.mcu.externaltools.gnu-tools-for-stm32.12.3.rel1.linux64_1.0.200.202406132123/tools/bin/../lib/gcc/arm-none-eabi/12.3.1/../../../../arm-none-eabi/lib/thumb/v7e-m/nofp/libc_nano.a(libc_a-mprec.o)
                0x08003334                __multiply
 .text.__pow5mult
                0x08003488       0xb4 /opt/st/stm32cubeide_1.16.0_2/plugins/com.st.stm32cube.ide.mcu.externaltools.gnu-tools-for-stm32.12.3.rel1.linux64_1.0.200.202406132123/tools/bin/../lib/gcc/arm-none-eabi/12.3.1/../../../../arm-none-eabi/lib/thumb/v7e-m/nofp/libc_nano.a(libc_a-mprec.o)
                0x08003488                __pow5mult
 .text.__lshift
                0x0800353c       0xd8 /opt/st/stm32cubeide_1.16.0_2/plugins/com.st.stm32cube.ide.mcu.externaltools.gnu-tools-for-stm32.12.3.rel1.linux64_1.0.200.202406132123/tools/bin/../lib/gcc/arm-none-eabi/12.3.1/../../../../arm-none-eabi/lib/thumb/v7e-m/nofp/libc_nano.a(libc_a-mprec.o)
                0x0800353c                __lshift
 .text.__mcmp   0x08003614       0x36 /opt/st/stm32cubeide_1.16.0_2/plugins/com.st.stm32cube.ide.mcu.externaltools.gnu-tools-for-stm32.12.3.rel1.linux64_1.0.200.202406132123/tools/bin/../lib/gcc/arm-none-eabi/12.3.1/../../../../arm-none-eabi/lib/thumb/v7e-m/nofp/libc_nano.a(libc_a-mprec.o)
                0x08003614                __mcmp
 *fill*         0x0800364a        0x2 
 .text.__mdiff  0x0800364c      0x124 /opt/st/stm32cubeide_1.16.0_2/plugins/com.st.stm32cube.ide.mcu.externaltools.gnu-tools-for-stm32.12.3.rel1.linux64_1.0.200.202406132123/tools/bin/../lib/gcc/arm-none-eabi/12.3.1/../../../../arm-none-eabi/lib/thumb/v7e-m/nofp/libc_nano.a(libc_a-mprec.o)
                0x0800364c                __mdiff
 .text.__d2b    0x08003770       0xb0 /opt/st/stm32cubeide_1.16.0_2/plugins/com.st.stm32cube.ide.mcu.externaltools.gnu-tools-for-stm32.12.3.rel1.linux64_1.0.200.202406132123/tools/bin/../lib/gcc/arm-none-eabi/12.3.1/../../../../arm-none-eabi/lib/thumb/v7e-m/nofp/libc_nano.a(libc_a-mprec.o)
                0x08003770                __d2b
 .text.__sflush_r
                0x08003820      0x100 /opt/st/stm32cubeide_1.16.0_2/plugins/com.st.stm32cube.ide.mcu.externaltools.gnu-tools-for-stm32.12.3.rel1.linux64_1.0.200.202406132123/tools/bin/../lib/gcc/arm-none-eabi/12.3.1/../../../../arm-none-eabi/lib/thumb/v7e-m/nofp/libc_nano.a(libc_a-fflush.o)
                0x08003820                __sflush_r
 .text._fflush_r
                0x08003920       0x50 /opt/st/stm32cubeide_1.16.0_2/plugins/com.st.stm32cube.ide.mcu.externaltools.gnu-tools-for-stm32.12.3.rel1.linux64_1.0.200.202406132123/tools/bin/../lib/gcc/arm-none-eabi/12.3.1/../../../../arm-none-eabi/lib/thumb/v7e-m/nofp/libc_nano.a(libc_a-fflush.o)
                0x08003920                _fflush_r
 .text._sbrk_r  0x08003970       0x20 /opt/st/stm32cubeide_1.16.0_2/plugins/com.st.stm32cube.ide.mcu.externaltools.gnu-tools-for-stm32.12.3.rel1.linux64_1.0.200.202406132123/tools/bin/../lib/gcc/arm-none-eabi/12.3.1/../../../../arm-none-eabi/lib/thumb/v7e-m/nofp/libc_nano.a(libc_a-sbrkr.o)
                0x08003970                _sbrk_r
 .text.memcpy   0x08003990       0x1c /opt/st/stm32cubeide_1.16.0_2/plugins/com.st.stm32cube.ide.mcu.externaltools.gnu-tools-for-stm32.12.3.rel1.linux64_1.0.200.202406132123/tools/bin/../lib/gcc/arm-none-eabi/12.3.1/../../../../arm-none-eabi/lib/thumb/v7e-m/nofp/libc_nano.a(libc_a-memcpy-stub.o)
                0x08003990                memcpy
 .text.__assert_func
                0x080039ac       0x3c /opt/st/stm32cubeide_1.16.0_2/plugins/com.st.stm32cube.ide.mcu.externaltools.gnu-tools-for-stm32.12.3.rel1.linux64_1.0.200.202406132123/tools/bin/../lib/gcc/arm-none-eabi/12.3.1/../../../../arm-none-eabi/lib/thumb/v7e-m/nofp/libc_nano.a(libc_a-assert.o)
                0x080039ac                __assert_func
 .text._calloc_r
                0x080039e8       0x28 /opt/st/stm32cubeide_1.16.0_2/plugins/com.st.stm32cube.ide.mcu.externaltools.gnu-tools-for-stm32.12.3.rel1.linux64_1.0.200.202406132123/tools/bin/../lib/gcc/arm-none-eabi/12.3.1/../../../../arm-none-eabi/lib/thumb/v7e-m/nofp/libc_nano.a(libc_a-callocr.o)
                0x080039e8                _calloc_r
 .text.__ascii_mbtowc
                0x08003a10       0x24 /opt/st/stm32cubeide_1.16.0_2/plugins/com.st.stm32cube.ide.mcu.externaltools.gnu-tools-for-stm32.12.3.rel1.linux64_1.0.200.202406132123/tools/bin/../lib/gcc/arm-none-eabi/12.3.1/../../../../arm-none-eabi/lib/thumb/v7e-m/nofp/libc_nano.a(libc_a-mbtowc_r.o)
                0x08003a10                __ascii_mbtowc
 .text.__ascii_wctomb
                0x08003a34       0x1a /opt/st/stm32cubeide_1.16.0_2/plugins/com.st.stm32cube.ide.mcu.externaltools.gnu-tools-for-stm32.12.3.rel1.linux64_1.0.200.202406132123/tools/bin/../lib/gcc/arm-none-eabi/12.3.1/../../../../arm-none-eabi/lib/thumb/v7e-m/nofp/libc_nano.a(libc_a-wctomb_r.o)
                0x08003a34                __ascii_wctomb
 *fill*         0x08003a4e        0x2 
 .text.fprintf  0x08003a50       0x24 /opt/st/stm32cubeide_1.16.0_2/plugins/com.st.stm32cube.ide.mcu.externaltools.gnu-tools-for-stm32.12.3.rel1.linux64_1.0.200.202406132123/tools/bin/../lib/gcc/arm-none-eabi/12.3.1/../../../../arm-none-eabi/lib/thumb/v7e-m/nofp/libc_nano.a(libc_a-fprintf.o)
                0x08003a50                fprintf
                0x08003a50                fiprintf
 .text.abort    0x08003a74        0xe /opt/st/stm32cubeide_1.16.0_2/plugins/com.st.stm32cube.ide.mcu.externaltools.gnu-tools-for-stm32.12.3.rel1.linux64_1.0.200.202406132123/tools/bin/../lib/gcc/arm-none-eabi/12.3.1/../../../../arm-none-eabi/lib/thumb/v7e-m/nofp/libc_nano.a(libc_a-abort.o)
                0x08003a74                abort
 .text.__sfputc_r
                0x08003a82       0x2a /opt/st/stm32cubeide_1.16.0_2/plugins/com.st.stm32cube.ide.mcu.externaltools.gnu-tools-for-stm32.12.3.rel1.linux64_1.0.200.202406132123/tools/bin/../lib/gcc/arm-none-eabi/12.3.1/../../../../arm-none-eabi/lib/thumb/v7e-m/nofp/libc_nano.a(libc_a-nano-vfprintf.o)
 .text.__sfputs_r
                0x08003aac       0x24 /opt/st/stm32cubeide_1.16.0_2/plugins/com.st.stm32cube.ide.mcu.externaltools.gnu-tools-for-stm32.12.3.rel1.linux64_1.0.200.202406132123/tools/bin/../lib/gcc/arm-none-eabi/12.3.1/../../../../arm-none-eabi/lib/thumb/v7e-m/nofp/libc_nano.a(libc_a-nano-vfprintf.o)
                0x08003aac                __sfputs_r
 .text._vfprintf_r
                0x08003ad0      0x230 /opt/st/stm32cubeide_1.16.0_2/plugins/com.st.stm32cube.ide.mcu.externaltools.gnu-tools-for-stm32.12.3.rel1.linux64_1.0.200.202406132123/tools/bin/../lib/gcc/arm-none-eabi/12.3.1/../../../../arm-none-eabi/lib/thumb/v7e-m/nofp/libc_nano.a(libc_a-nano-vfprintf.o)
                0x08003ad0                _vfiprintf_r
                0x08003ad0                _vfprintf_r
 .text.__swbuf_r
                0x08003d00       0x7c /opt/st/stm32cubeide_1.16.0_2/plugins/com.st.stm32cube.ide.mcu.externaltools.gnu-tools-for-stm32.12.3.rel1.linux64_1.0.200.202406132123/tools/bin/../lib/gcc/arm-none-eabi/12.3.1/../../../../arm-none-eabi/lib/thumb/v7e-m/nofp/libc_nano.a(libc_a-wbuf.o)
                0x08003d00                __swbuf_r
 .text.__swsetup_r
                0x08003d7c       0xac /opt/st/stm32cubeide_1.16.0_2/plugins/com.st.stm32cube.ide.mcu.externaltools.gnu-tools-for-stm32.12.3.rel1.linux64_1.0.200.202406132123/tools/bin/../lib/gcc/arm-none-eabi/12.3.1/../../../../arm-none-eabi/lib/thumb/v7e-m/nofp/libc_nano.a(libc_a-wsetup.o)
                0x08003d7c                __swsetup_r
 .text._raise_r
                0x08003e28       0x50 /opt/st/stm32cubeide_1.16.0_2/plugins/com.st.stm32cube.ide.mcu.externaltools.gnu-tools-for-stm32.12.3.rel1.linux64_1.0.200.202406132123/tools/bin/../lib/gcc/arm-none-eabi/12.3.1/../../../../arm-none-eabi/lib/thumb/v7e-m/nofp/libc_nano.a(libc_a-signal.o)
                0x08003e28                _raise_r
 .text.raise    0x08003e78       0x10 /opt/st/stm32cubeide_1.16.0_2/plugins/com.st.stm32cube.ide.mcu.externaltools.gnu-tools-for-stm32.12.3.rel1.linux64_1.0.200.202406132123/tools/bin/../lib/gcc/arm-none-eabi/12.3.1/../../../../arm-none-eabi/lib/thumb/v7e-m/nofp/libc_nano.a(libc_a-signal.o)
                0x08003e78                raise
 .text._kill_r  0x08003e88       0x24 /opt/st/stm32cubeide_1.16.0_2/plugins/com.st.stm32cube.ide.mcu.externaltools.gnu-tools-for-stm32.12.3.rel1.linux64_1.0.200.202406132123/tools/bin/../lib/gcc/arm-none-eabi/12.3.1/../../../../arm-none-eabi/lib/thumb/v7e-m/nofp/libc_nano.a(libc_a-signalr.o)
                0x08003e88                _kill_r
 .text._getpid_r
                0x08003eac        0x4 /opt/st/stm32cubeide_1.16.0_2/plugins/com.st.stm32cube.ide.mcu.externaltools.gnu-tools-for-stm32.12.3.rel1.linux64_1.0.200.202406132123/tools/bin/../lib/gcc/arm-none-eabi/12.3.1/../../../../arm-none-eabi/lib/thumb/v7e-m/nofp/libc_nano.a(libc_a-signalr.o)
                0x08003eac                _getpid_r
 .text.__swhatbuf_r
                0x08003eb0       0x4c /opt/st/stm32cubeide_1.16.0_2/plugins/com.st.stm32cube.ide.mcu.externaltools.gnu-tools-for-stm32.12.3.rel1.linux64_1.0.200.202406132123/tools/bin/../lib/gcc/arm-none-eabi/12.3.1/../../../../arm-none-eabi/lib/thumb/v7e-m/nofp/libc_nano.a(libc_a-makebuf.o)
                0x08003eb0                __swhatbuf_r
 .text.__smakebuf_r
                0x08003efc       0x78 /opt/st/stm32cubeide_1.16.0_2/plugins/com.st.stm32cube.ide.mcu.externaltools.gnu-tools-for-stm32.12.3.rel1.linux64_1.0.200.202406132123/tools/bin/../lib/gcc/arm-none-eabi/12.3.1/../../../../arm-none-eabi/lib/thumb/v7e-m/nofp/libc_nano.a(libc_a-makebuf.o)
                0x08003efc                __smakebuf_r
 .text._fstat_r
                0x08003f74       0x24 /opt/st/stm32cubeide_1.16.0_2/plugins/com.st.stm32cube.ide.mcu.externaltools.gnu-tools-for-stm32.12.3.rel1.linux64_1.0.200.202406132123/tools/bin/../lib/gcc/arm-none-eabi/12.3.1/../../../../arm-none-eabi/lib/thumb/v7e-m/nofp/libc_nano.a(libc_a-fstatr.o)
                0x08003f74                _fstat_r
 .text._isatty_r
                0x08003f98       0x20 /opt/st/stm32cubeide_1.16.0_2/plugins/com.st.stm32cube.ide.mcu.externaltools.gnu-tools-for-stm32.12.3.rel1.linux64_1.0.200.202406132123/tools/bin/../lib/gcc/arm-none-eabi/12.3.1/../../../../arm-none-eabi/lib/thumb/v7e-m/nofp/libc_nano.a(libc_a-isattyr.o)
                0x08003f98                _isatty_r
 *(.glue_7)
 .glue_7        0x08003fb8        0x0 linker stubs
 *(.glue_7t)
 .glue_7t       0x08003fb8        0x0 linker stubs
 *(.eh_frame)
 .eh_frame      0x08003fb8        0x0 /opt/st/stm32cubeide_1.16.0_2/plugins/com.st.stm32cube.ide.mcu.externaltools.gnu-tools-for-stm32.12.3.rel1.linux64_1.0.200.202406132123/tools/bin/../lib/gcc/arm-none-eabi/12.3.1/thumb/v7e-m/nofp/crtbegin.o
 *(.init)
 .init          0x08003fb8        0x4 /opt/st/stm32cubeide_1.16.0_2/plugins/com.st.stm32cube.ide.mcu.externaltools.gnu-tools-for-stm32.12.3.rel1.linux64_1.0.200.202406132123/tools/bin/../lib/gcc/arm-none-eabi/12.3.1/thumb/v7e-m/nofp/crti.o
                0x08003fb8                _init
 .init          0x08003fbc        0x8 /opt/st/stm32cubeide_1.16.0_2/plugins/com.st.stm32cube.ide.mcu.externaltools.gnu-tools-for-stm32.12.3.rel1.linux64_1.0.200.202406132123/tools/bin/../lib/gcc/arm-none-eabi/12.3.1/thumb/v7e-m/nofp/crtn.o
 *(.fini)
 .fini          0x08003fc4        0x4 /opt/st/stm32cubeide_1.16.0_2/plugins/com.st.stm32cube.ide.mcu.externaltools.gnu-tools-for-stm32.12.3.rel1.linux64_1.0.200.202406132123/tools/bin/../lib/gcc/arm-none-eabi/12.3.1/thumb/v7e-m/nofp/crti.o
                0x08003fc4                _fini
 .fini          0x08003fc8        0x8 /opt/st/stm32cubeide_1.16.0_2/plugins/com.st.stm32cube.ide.mcu.externaltools.gnu-tools-for-stm32.12.3.rel1.linux64_1.0.200.202406132123/tools/bin/../lib/gcc/arm-none-eabi/12.3.1/thumb/v7e-m/nofp/crtn.o
                0x08003fd0                        . = ALIGN (0x4)
                0x08003fd0                        _etext = .

.vfp11_veneer   0x08003fd0        0x0
 .vfp11_veneer  0x08003fd0        0x0 linker stubs

.v4_bx          0x08003fd0        0x0
 .v4_bx         0x08003fd0        0x0 linker stubs

.iplt           0x08003fd0        0x0
 .iplt          0x08003fd0        0x0 /opt/st/stm32cubeide_1.16.0_2/plugins/com.st.stm32cube.ide.mcu.externaltools.gnu-tools-for-stm32.12.3.rel1.linux64_1.0.200.202406132123/tools/bin/../lib/gcc/arm-none-eabi/12.3.1/thumb/v7e-m/nofp/crtbegin.o

.rodata         0x08003fd0      0x370
                0x08003fd0                        . = ALIGN (0x4)
 *(.rodata)
 *(.rodata*)
 .rodata._printf_float.str1.1
                0x08003fd0       0x12 /opt/st/stm32cubeide_1.16.0_2/plugins/com.st.stm32cube.ide.mcu.externaltools.gnu-tools-for-stm32.12.3.rel1.linux64_1.0.200.202406132123/tools/bin/../lib/gcc/arm-none-eabi/12.3.1/../../../../arm-none-eabi/lib/thumb/v7e-m/nofp/libc_nano.a(libc_a-nano-vfprintf_float.o)
 .rodata._printf_i.str1.1
                0x08003fe2       0x22 /opt/st/stm32cubeide_1.16.0_2/plugins/com.st.stm32cube.ide.mcu.externaltools.gnu-tools-for-stm32.12.3.rel1.linux64_1.0.200.202406132123/tools/bin/../lib/gcc/arm-none-eabi/12.3.1/../../../../arm-none-eabi/lib/thumb/v7e-m/nofp/libc_nano.a(libc_a-nano-vfprintf_i.o)
 .rodata._dtoa_r.str1.1
                0x08004004       0x8d /opt/st/stm32cubeide_1.16.0_2/plugins/com.st.stm32cube.ide.mcu.externaltools.gnu-tools-for-stm32.12.3.rel1.linux64_1.0.200.202406132123/tools/bin/../lib/gcc/arm-none-eabi/12.3.1/../../../../arm-none-eabi/lib/thumb/v7e-m/nofp/libc_nano.a(libc_a-dtoa.o)
                                 0x8f (size before relaxing)
 .rodata._Balloc.str1.1
                0x08004091       0x59 /opt/st/stm32cubeide_1.16.0_2/plugins/com.st.stm32cube.ide.mcu.externaltools.gnu-tools-for-stm32.12.3.rel1.linux64_1.0.200.202406132123/tools/bin/../lib/gcc/arm-none-eabi/12.3.1/../../../../arm-none-eabi/lib/thumb/v7e-m/nofp/libc_nano.a(libc_a-mprec.o)
                                 0x70 (size before relaxing)
 .rodata.__multadd.str1.1
                0x080040ea       0x11 /opt/st/stm32cubeide_1.16.0_2/plugins/com.st.stm32cube.ide.mcu.externaltools.gnu-tools-for-stm32.12.3.rel1.linux64_1.0.200.202406132123/tools/bin/../lib/gcc/arm-none-eabi/12.3.1/../../../../arm-none-eabi/lib/thumb/v7e-m/nofp/libc_nano.a(libc_a-mprec.o)
 *fill*         0x080040ea        0x2 
 .rodata.p05.0  0x080040ec        0xc /opt/st/stm32cubeide_1.16.0_2/plugins/com.st.stm32cube.ide.mcu.externaltools.gnu-tools-for-stm32.12.3.rel1.linux64_1.0.200.202406132123/tools/bin/../lib/gcc/arm-none-eabi/12.3.1/../../../../arm-none-eabi/lib/thumb/v7e-m/nofp/libc_nano.a(libc_a-mprec.o)
 .rodata.__mprec_bigtens
                0x080040f8       0x28 /opt/st/stm32cubeide_1.16.0_2/plugins/com.st.stm32cube.ide.mcu.externaltools.gnu-tools-for-stm32.12.3.rel1.linux64_1.0.200.202406132123/tools/bin/../lib/gcc/arm-none-eabi/12.3.1/../../../../arm-none-eabi/lib/thumb/v7e-m/nofp/libc_nano.a(libc_a-mprec.o)
                0x080040f8                __mprec_bigtens
 .rodata.__mprec_tens
                0x08004120       0xc8 /opt/st/stm32cubeide_1.16.0_2/plugins/com.st.stm32cube.ide.mcu.externaltools.gnu-tools-for-stm32.12.3.rel1.linux64_1.0.200.202406132123/tools/bin/../lib/gcc/arm-none-eabi/12.3.1/../../../../arm-none-eabi/lib/thumb/v7e-m/nofp/libc_nano.a(libc_a-mprec.o)
                0x08004120                __mprec_tens
 .rodata._setlocale_r.str1.1
                0x080041e8        0x8 /opt/st/stm32cubeide_1.16.0_2/plugins/com.st.stm32cube.ide.mcu.externaltools.gnu-tools-for-stm32.12.3.rel1.linux64_1.0.200.202406132123/tools/bin/../lib/gcc/arm-none-eabi/12.3.1/../../../../arm-none-eabi/lib/thumb/v7e-m/nofp/libc_nano.a(libc_a-locale.o)
                                  0x9 (size before relaxing)
 .rodata.str1.1
                0x080041f0        0x2 /opt/st/stm32cubeide_1.16.0_2/plugins/com.st.stm32cube.ide.mcu.externaltools.gnu-tools-for-stm32.12.3.rel1.linux64_1.0.200.202406132123/tools/bin/../lib/gcc/arm-none-eabi/12.3.1/../../../../arm-none-eabi/lib/thumb/v7e-m/nofp/libc_nano.a(libc_a-locale.o)
 .rodata.__assert_func.str1.1
                0x080041f2       0x3c /opt/st/stm32cubeide_1.16.0_2/plugins/com.st.stm32cube.ide.mcu.externaltools.gnu-tools-for-stm32.12.3.rel1.linux64_1.0.200.202406132123/tools/bin/../lib/gcc/arm-none-eabi/12.3.1/../../../../arm-none-eabi/lib/thumb/v7e-m/nofp/libc_nano.a(libc_a-assert.o)
                                 0x3d (size before relaxing)
 .rodata._ctype_
                0x0800422e      0x101 /opt/st/stm32cubeide_1.16.0_2/plugins/com.st.stm32cube.ide.mcu.externaltools.gnu-tools-for-stm32.12.3.rel1.linux64_1.0.200.202406132123/tools/bin/../lib/gcc/arm-none-eabi/12.3.1/../../../../arm-none-eabi/lib/thumb/v7e-m/nofp/libc_nano.a(libc_a-ctype_.o)
                0x0800422e                _ctype_
 .rodata._vfprintf_r.str1.1
                0x0800432f       0x11 /opt/st/stm32cubeide_1.16.0_2/plugins/com.st.stm32cube.ide.mcu.externaltools.gnu-tools-for-stm32.12.3.rel1.linux64_1.0.200.202406132123/tools/bin/../lib/gcc/arm-none-eabi/12.3.1/../../../../arm-none-eabi/lib/thumb/v7e-m/nofp/libc_nano.a(libc_a-nano-vfprintf.o)
                0x08004340                        . = ALIGN (0x4)

.ARM.extab      0x08004340        0x0
                0x08004340                        . = ALIGN (0x4)
 *(.ARM.extab* .gnu.linkonce.armextab.*)
                0x08004340                        . = ALIGN (0x4)

.ARM            0x08004340        0x8
                0x08004340                        . = ALIGN (0x4)
                0x08004340                        __exidx_start = .
 *(.ARM.exidx*)
 .ARM.exidx     0x08004340        0x8 /opt/st/stm32cubeide_1.16.0_2/plugins/com.st.stm32cube.ide.mcu.externaltools.gnu-tools-for-stm32.12.3.rel1.linux64_1.0.200.202406132123/tools/bin/../lib/gcc/arm-none-eabi/12.3.1/../../../../arm-none-eabi/lib/thumb/v7e-m/nofp/libc_nano.a(libc_a-memchr.o)
 .ARM.exidx     0x08004348        0x0 /opt/st/stm32cubeide_1.16.0_2/plugins/com.st.stm32cube.ide.mcu.externaltools.gnu-tools-for-stm32.12.3.rel1.linux64_1.0.200.202406132123/tools/bin/../lib/gcc/arm-none-eabi/12.3.1/../../../../arm-none-eabi/lib/thumb/v7e-m/nofp/libc_nano.a(libc_a-strlen.o)
                                  0x8 (size before relaxing)
                0x08004348                        __exidx_end = .
                0x08004348                        . = ALIGN (0x4)

.preinit_array  0x08004348        0x0
                0x08004348                        . = ALIGN (0x4)
                0x08004348                        PROVIDE (__preinit_array_start = .)
 *(.preinit_array*)
                0x08004348                        PROVIDE (__preinit_array_end = .)
                0x08004348                        . = ALIGN (0x4)

.init_array     0x08004348        0x4
                0x08004348                        . = ALIGN (0x4)
                0x08004348                        PROVIDE (__init_array_start = .)
 *(SORT_BY_NAME(.init_array.*))
 *(.init_array*)
 .init_array    0x08004348        0x4 /opt/st/stm32cubeide_1.16.0_2/plugins/com.st.stm32cube.ide.mcu.externaltools.gnu-tools-for-stm32.12.3.rel1.linux64_1.0.200.202406132123/tools/bin/../lib/gcc/arm-none-eabi/12.3.1/thumb/v7e-m/nofp/crtbegin.o
                0x0800434c                        PROVIDE (__init_array_end = .)
                0x0800434c                        . = ALIGN (0x4)

.fini_array     0x0800434c        0x4
                0x0800434c                        . = ALIGN (0x4)
                [!provide]                        PROVIDE (__fini_array_start = .)
 *(SORT_BY_NAME(.fini_array.*))
 *(.fini_array*)
 .fini_array    0x0800434c        0x4 /opt/st/stm32cubeide_1.16.0_2/plugins/com.st.stm32cube.ide.mcu.externaltools.gnu-tools-for-stm32.12.3.rel1.linux64_1.0.200.202406132123/tools/bin/../lib/gcc/arm-none-eabi/12.3.1/thumb/v7e-m/nofp/crtbegin.o
                [!provide]                        PROVIDE (__fini_array_end = .)
                0x08004350                        . = ALIGN (0x4)
                0x08004350                        _sidata = LOADADDR (.data)

.rel.dyn        0x08004350        0x0
 .rel.iplt      0x08004350        0x0 /opt/st/stm32cubeide_1.16.0_2/plugins/com.st.stm32cube.ide.mcu.externaltools.gnu-tools-for-stm32.12.3.rel1.linux64_1.0.200.202406132123/tools/bin/../lib/gcc/arm-none-eabi/12.3.1/thumb/v7e-m/nofp/crtbegin.o

.data           0x20000000      0x1d0 load address 0x08004350
                0x20000000                        . = ALIGN (0x4)
                0x20000000                        _sdata = .
 *(.data)
 *(.data*)
 .data.SystemCoreClock
                0x20000000        0x4 ./Core/Src/system_stm32f4xx.o
                0x20000000                SystemCoreClock
 .data.uwTickFreq
                0x20000004        0x1 ./Drivers/STM32F4xx_HAL_Driver/Src/stm32f4xx_hal.o
                0x20000004                uwTickFreq
 *fill*         0x20000005        0x3 
 .data.__sglue  0x20000008        0xc /opt/st/stm32cubeide_1.16.0_2/plugins/com.st.stm32cube.ide.mcu.externaltools.gnu-tools-for-stm32.12.3.rel1.linux64_1.0.200.202406132123/tools/bin/../lib/gcc/arm-none-eabi/12.3.1/../../../../arm-none-eabi/lib/thumb/v7e-m/nofp/libc_nano.a(libc_a-findfp.o)
                0x20000008                __sglue
 .data._impure_ptr
                0x20000014        0x4 /opt/st/stm32cubeide_1.16.0_2/plugins/com.st.stm32cube.ide.mcu.externaltools.gnu-tools-for-stm32.12.3.rel1.linux64_1.0.200.202406132123/tools/bin/../lib/gcc/arm-none-eabi/12.3.1/../../../../arm-none-eabi/lib/thumb/v7e-m/nofp/libc_nano.a(libc_a-impure.o)
                0x20000014                _impure_ptr
 .data._impure_data
                0x20000018       0x4c /opt/st/stm32cubeide_1.16.0_2/plugins/com.st.stm32cube.ide.mcu.externaltools.gnu-tools-for-stm32.12.3.rel1.linux64_1.0.200.202406132123/tools/bin/../lib/gcc/arm-none-eabi/12.3.1/../../../../arm-none-eabi/lib/thumb/v7e-m/nofp/libc_nano.a(libc_a-impure.o)
                0x20000018                _impure_data
 .data.__global_locale
                0x20000064      0x16c /opt/st/stm32cubeide_1.16.0_2/plugins/com.st.stm32cube.ide.mcu.externaltools.gnu-tools-for-stm32.12.3.rel1.linux64_1.0.200.202406132123/tools/bin/../lib/gcc/arm-none-eabi/12.3.1/../../../../arm-none-eabi/lib/thumb/v7e-m/nofp/libc_nano.a(libc_a-locale.o)
                0x20000064                __global_locale
 *(.RamFunc)
 *(.RamFunc*)
                0x200001d0                        . = ALIGN (0x4)
                0x200001d0                        _edata = .

.igot.plt       0x200001d0        0x0 load address 0x08004520
 .igot.plt      0x200001d0        0x0 /opt/st/stm32cubeide_1.16.0_2/plugins/com.st.stm32cube.ide.mcu.externaltools.gnu-tools-for-stm32.12.3.rel1.linux64_1.0.200.202406132123/tools/bin/../lib/gcc/arm-none-eabi/12.3.1/thumb/v7e-m/nofp/crtbegin.o
                0x200001d0                        . = ALIGN (0x4)

.bss            0x200001d0      0x208 load address 0x08004520
                0x200001d0                        _sbss = .
                0x200001d0                        __bss_start__ = _sbss
 *(.bss)
 .bss           0x200001d0       0x1c /opt/st/stm32cubeide_1.16.0_2/plugins/com.st.stm32cube.ide.mcu.externaltools.gnu-tools-for-stm32.12.3.rel1.linux64_1.0.200.202406132123/tools/bin/../lib/gcc/arm-none-eabi/12.3.1/thumb/v7e-m/nofp/crtbegin.o
 *(.bss*)
 .bss.hadc1     0x200001ec       0x48 ./Core/Src/main.o
                0x200001ec                hadc1
 .bss.huart2    0x20000234       0x48 ./Core/Src/main.o
                0x20000234                huart2
 .bss.number_of_steps
                0x2000027c        0x2 ./Core/Src/main.o
                0x2000027c                number_of_steps
 *fill*         0x2000027e        0x2 
 .bss.input_voltage
                0x20000280        0x4 ./Core/Src/main.o
                0x20000280                input_voltage
 .bss.__sbrk_heap_end
                0x20000284        0x4 ./Core/Src/sysmem.o
 .bss.uwTick    0x20000288        0x4 ./Drivers/STM32F4xx_HAL_Driver/Src/stm32f4xx_hal.o
                0x20000288                uwTick
 .bss.__sf      0x2000028c      0x138 /opt/st/stm32cubeide_1.16.0_2/plugins/com.st.stm32cube.ide.mcu.externaltools.gnu-tools-for-stm32.12.3.rel1.linux64_1.0.200.202406132123/tools/bin/../lib/gcc/arm-none-eabi/12.3.1/../../../../arm-none-eabi/lib/thumb/v7e-m/nofp/libc_nano.a(libc_a-findfp.o)
                0x2000028c                __sf
 .bss.__stdio_exit_handler
                0x200003c4        0x4 /opt/st/stm32cubeide_1.16.0_2/plugins/com.st.stm32cube.ide.mcu.externaltools.gnu-tools-for-stm32.12.3.rel1.linux64_1.0.200.202406132123/tools/bin/../lib/gcc/arm-none-eabi/12.3.1/../../../../arm-none-eabi/lib/thumb/v7e-m/nofp/libc_nano.a(libc_a-findfp.o)
                0x200003c4                __stdio_exit_handler
 .bss.errno     0x200003c8        0x4 /opt/st/stm32cubeide_1.16.0_2/plugins/com.st.stm32cube.ide.mcu.externaltools.gnu-tools-for-stm32.12.3.rel1.linux64_1.0.200.202406132123/tools/bin/../lib/gcc/arm-none-eabi/12.3.1/../../../../arm-none-eabi/lib/thumb/v7e-m/nofp/libc_nano.a(libc_a-reent.o)
                0x200003c8                errno
 .bss.__lock___malloc_recursive_mutex
                0x200003cc        0x1 /opt/st/stm32cubeide_1.16.0_2/plugins/com.st.stm32cube.ide.mcu.externaltools.gnu-tools-for-stm32.12.3.rel1.linux64_1.0.200.202406132123/tools/bin/../lib/gcc/arm-none-eabi/12.3.1/../../../../arm-none-eabi/lib/thumb/v7e-m/nofp/libc_nano.a(libc_a-lock.o)
                0x200003cc                __lock___malloc_recursive_mutex
 .bss.__lock___sfp_recursive_mutex
                0x200003cd        0x1 /opt/st/stm32cubeide_1.16.0_2/plugins/com.st.stm32cube.ide.mcu.externaltools.gnu-tools-for-stm32.12.3.rel1.linux64_1.0.200.202406132123/tools/bin/../lib/gcc/arm-none-eabi/12.3.1/../../../../arm-none-eabi/lib/thumb/v7e-m/nofp/libc_nano.a(libc_a-lock.o)
                0x200003cd                __lock___sfp_recursive_mutex
 *fill*         0x200003ce        0x2 
 .bss.__malloc_sbrk_start
                0x200003d0        0x4 /opt/st/stm32cubeide_1.16.0_2/plugins/com.st.stm32cube.ide.mcu.externaltools.gnu-tools-for-stm32.12.3.rel1.linux64_1.0.200.202406132123/tools/bin/../lib/gcc/arm-none-eabi/12.3.1/../../../../arm-none-eabi/lib/thumb/v7e-m/nofp/libc_nano.a(libc_a-mallocr.o)
                0x200003d0                __malloc_sbrk_start
 .bss.__malloc_free_list
                0x200003d4        0x4 /opt/st/stm32cubeide_1.16.0_2/plugins/com.st.stm32cube.ide.mcu.externaltools.gnu-tools-for-stm32.12.3.rel1.linux64_1.0.200.202406132123/tools/bin/../lib/gcc/arm-none-eabi/12.3.1/../../../../arm-none-eabi/lib/thumb/v7e-m/nofp/libc_nano.a(libc_a-mallocr.o)
                0x200003d4                __malloc_free_list
 *(COMMON)
                0x200003d8                        . = ALIGN (0x4)
                0x200003d8                        _ebss = .
                0x200003d8                        __bss_end__ = _ebss

._user_heap_stack
                0x200003d8      0x600 load address 0x08004520
                0x200003d8                        . = ALIGN (0x8)
                [!provide]                        PROVIDE (end = .)
                0x200003d8                        PROVIDE (_end = .)
                0x200005d8                        . = (. + _Min_Heap_Size)
 *fill*         0x200003d8      0x200 
                0x200009d8                        . = (. + _Min_Stack_Size)
 *fill*         0x200005d8      0x400 
                0x200009d8                        . = ALIGN (0x8)

/DISCARD/
 libc.a(*)
 libm.a(*)
 libgcc.a(*)

.ARM.attributes
                0x00000000       0x2a
 *(.ARM.attributes)
 .ARM.attributes
                0x00000000       0x1e /opt/st/stm32cubeide_1.16.0_2/plugins/com.st.stm32cube.ide.mcu.externaltools.gnu-tools-for-stm32.12.3.rel1.linux64_1.0.200.202406132123/tools/bin/../lib/gcc/arm-none-eabi/12.3.1/thumb/v7e-m/nofp/crti.o
 .ARM.attributes
                0x0000001e       0x2e /opt/st/stm32cubeide_1.16.0_2/plugins/com.st.stm32cube.ide.mcu.externaltools.gnu-tools-for-stm32.12.3.rel1.linux64_1.0.200.202406132123/tools/bin/../lib/gcc/arm-none-eabi/12.3.1/thumb/v7e-m/nofp/crtbegin.o
 .ARM.attributes
                0x0000004c       0x2e ./Core/Src/main.o
 .ARM.attributes
                0x0000007a       0x2e ./Core/Src/stm32f4xx_it.o
 .ARM.attributes
                0x000000a8       0x2e ./Core/Src/syscalls.o
 .ARM.attributes
                0x000000d6       0x2e ./Core/Src/sysmem.o
 .ARM.attributes
                0x00000104       0x2e ./Core/Src/system_stm32f4xx.o
 .ARM.attributes
                0x00000132       0x21 ./Core/Startup/startup_stm32f411retx.o
 .ARM.attributes
                0x00000153       0x2e ./Drivers/STM32F4xx_HAL_Driver/Src/stm32f4xx_hal.o
 .ARM.attributes
                0x00000181       0x2e ./Drivers/STM32F4xx_HAL_Driver/Src/stm32f4xx_hal_adc.o
 .ARM.attributes
                0x000001af       0x2e ./Drivers/STM32F4xx_HAL_Driver/Src/stm32f4xx_hal_uart.o
 .ARM.attributes
                0x000001dd       0x2e /opt/st/stm32cubeide_1.16.0_2/plugins/com.st.stm32cube.ide.mcu.externaltools.gnu-tools-for-stm32.12.3.rel1.linux64_1.0.200.202406132123/tools/bin/../lib/gcc/arm-none-eabi/12.3.1/../../../../arm-none-eabi/lib/thumb/v7e-m/nofp/libc_nano.a(libc_a-nano-vfprintf_float.o)
 .ARM.attributes
                0x0000020b       0x2e /opt/st/stm32cubeide_1.16.0_2/plugins/com.st.stm32cube.ide.mcu.externaltools.gnu-tools-for-stm32.12.3.rel1.linux64_1.0.200.202406132123/tools/bin/../lib/gcc/arm-none-eabi/12.3.1/../../../../arm-none-eabi/lib/thumb/v7e-m/nofp/libc_nano.a(libc_a-nano-vfprintf_i.o)
 .ARM.attributes
                0x00000239       0x2e /opt/st/stm32cubeide_1.16.0_2/plugins/com.st.stm32cube.ide.mcu.externaltools.gnu-tools-for-stm32.12.3.rel1.linux64_1.0.200.202406132123/tools/bin/../lib/gcc/arm-none-eabi/12.3.1/../../../../arm-none-eabi/lib/thumb/v7e-m/nofp/libc_nano.a(libc_a-findfp.o)
 .ARM.attributes
                0x00000267       0x2e /opt/st/stm32cubeide_1.16.0_2/plugins/com.st.stm32cube.ide.mcu.externaltools.gnu-tools-for-stm32.12.3.rel1.linux64_1.0.200.202406132123/tools/bin/../lib/gcc/arm-none-eabi/12.3.1/../../../../arm-none-eabi/lib/thumb/v7e-m/nofp/libc_nano.a(libc_a-fwalk.o)
 .ARM.attributes
                0x00000295       0x2e /opt/st/stm32cubeide_1.16.0_2/plugins/com.st.stm32cube.ide.mcu.externaltools.gnu-tools-for-stm32.12.3.rel1.linux64_1.0.200.202406132123/tools/bin/../lib/gcc/arm-none-eabi/12.3.1/../../../../arm-none-eabi/lib/thumb/v7e-m/nofp/libc_nano.a(libc_a-stdio.o)
 .ARM.attributes
                0x000002c3       0x2e /opt/st/stm32cubeide_1.16.0_2/plugins/com.st.stm32cube.ide.mcu.externaltools.gnu-tools-for-stm32.12.3.rel1.linux64_1.0.200.202406132123/tools/bin/../lib/gcc/arm-none-eabi/12.3.1/../../../../arm-none-eabi/lib/thumb/v7e-m/nofp/libc_nano.a(libc_a-memset.o)
 .ARM.attributes
                0x000002f1       0x2e /opt/st/stm32cubeide_1.16.0_2/plugins/com.st.stm32cube.ide.mcu.externaltools.gnu-tools-for-stm32.12.3.rel1.linux64_1.0.200.202406132123/tools/bin/../lib/gcc/arm-none-eabi/12.3.1/../../../../arm-none-eabi/lib/thumb/v7e-m/nofp/libc_nano.a(libc_a-localeconv.o)
 .ARM.attributes
                0x0000031f       0x2e /opt/st/stm32cubeide_1.16.0_2/plugins/com.st.stm32cube.ide.mcu.externaltools.gnu-tools-for-stm32.12.3.rel1.linux64_1.0.200.202406132123/tools/bin/../lib/gcc/arm-none-eabi/12.3.1/../../../../arm-none-eabi/lib/thumb/v7e-m/nofp/libc_nano.a(libc_a-closer.o)
 .ARM.attributes
                0x0000034d       0x2e /opt/st/stm32cubeide_1.16.0_2/plugins/com.st.stm32cube.ide.mcu.externaltools.gnu-tools-for-stm32.12.3.rel1.linux64_1.0.200.202406132123/tools/bin/../lib/gcc/arm-none-eabi/12.3.1/../../../../arm-none-eabi/lib/thumb/v7e-m/nofp/libc_nano.a(libc_a-reent.o)
 .ARM.attributes
                0x0000037b       0x2e /opt/st/stm32cubeide_1.16.0_2/plugins/com.st.stm32cube.ide.mcu.externaltools.gnu-tools-for-stm32.12.3.rel1.linux64_1.0.200.202406132123/tools/bin/../lib/gcc/arm-none-eabi/12.3.1/../../../../arm-none-eabi/lib/thumb/v7e-m/nofp/libc_nano.a(libc_a-impure.o)
 .ARM.attributes
                0x000003a9       0x2e /opt/st/stm32cubeide_1.16.0_2/plugins/com.st.stm32cube.ide.mcu.externaltools.gnu-tools-for-stm32.12.3.rel1.linux64_1.0.200.202406132123/tools/bin/../lib/gcc/arm-none-eabi/12.3.1/../../../../arm-none-eabi/lib/thumb/v7e-m/nofp/libc_nano.a(libc_a-lseekr.o)
 .ARM.attributes
                0x000003d7       0x2e /opt/st/stm32cubeide_1.16.0_2/plugins/com.st.stm32cube.ide.mcu.externaltools.gnu-tools-for-stm32.12.3.rel1.linux64_1.0.200.202406132123/tools/bin/../lib/gcc/arm-none-eabi/12.3.1/../../../../arm-none-eabi/lib/thumb/v7e-m/nofp/libc_nano.a(libc_a-readr.o)
 .ARM.attributes
                0x00000405       0x2e /opt/st/stm32cubeide_1.16.0_2/plugins/com.st.stm32cube.ide.mcu.externaltools.gnu-tools-for-stm32.12.3.rel1.linux64_1.0.200.202406132123/tools/bin/../lib/gcc/arm-none-eabi/12.3.1/../../../../arm-none-eabi/lib/thumb/v7e-m/nofp/libc_nano.a(libc_a-writer.o)
 .ARM.attributes
                0x00000433       0x2e /opt/st/stm32cubeide_1.16.0_2/plugins/com.st.stm32cube.ide.mcu.externaltools.gnu-tools-for-stm32.12.3.rel1.linux64_1.0.200.202406132123/tools/bin/../lib/gcc/arm-none-eabi/12.3.1/../../../../arm-none-eabi/lib/thumb/v7e-m/nofp/libc_nano.a(libc_a-errno.o)
 .ARM.attributes
                0x00000461       0x2e /opt/st/stm32cubeide_1.16.0_2/plugins/com.st.stm32cube.ide.mcu.externaltools.gnu-tools-for-stm32.12.3.rel1.linux64_1.0.200.202406132123/tools/bin/../lib/gcc/arm-none-eabi/12.3.1/../../../../arm-none-eabi/lib/thumb/v7e-m/nofp/libc_nano.a(libc_a-init.o)
 .ARM.attributes
                0x0000048f       0x2e /opt/st/stm32cubeide_1.16.0_2/plugins/com.st.stm32cube.ide.mcu.externaltools.gnu-tools-for-stm32.12.3.rel1.linux64_1.0.200.202406132123/tools/bin/../lib/gcc/arm-none-eabi/12.3.1/../../../../arm-none-eabi/lib/thumb/v7e-m/nofp/libc_nano.a(libc_a-lock.o)
 .ARM.attributes
                0x000004bd       0x1c /opt/st/stm32cubeide_1.16.0_2/plugins/com.st.stm32cube.ide.mcu.externaltools.gnu-tools-for-stm32.12.3.rel1.linux64_1.0.200.202406132123/tools/bin/../lib/gcc/arm-none-eabi/12.3.1/../../../../arm-none-eabi/lib/thumb/v7e-m/nofp/libc_nano.a(libc_a-memchr.o)
 .ARM.attributes
                0x000004d9       0x17 /opt/st/stm32cubeide_1.16.0_2/plugins/com.st.stm32cube.ide.mcu.externaltools.gnu-tools-for-stm32.12.3.rel1.linux64_1.0.200.202406132123/tools/bin/../lib/gcc/arm-none-eabi/12.3.1/../../../../arm-none-eabi/lib/thumb/v7e-m/nofp/libc_nano.a(libc_a-strlen.o)
 .ARM.attributes
                0x000004f0       0x2e /opt/st/stm32cubeide_1.16.0_2/plugins/com.st.stm32cube.ide.mcu.externaltools.gnu-tools-for-stm32.12.3.rel1.linux64_1.0.200.202406132123/tools/bin/../lib/gcc/arm-none-eabi/12.3.1/../../../../arm-none-eabi/lib/thumb/v7e-m/nofp/libc_nano.a(libc_a-dtoa.o)
 .ARM.attributes
                0x0000051e       0x2e /opt/st/stm32cubeide_1.16.0_2/plugins/com.st.stm32cube.ide.mcu.externaltools.gnu-tools-for-stm32.12.3.rel1.linux64_1.0.200.202406132123/tools/bin/../lib/gcc/arm-none-eabi/12.3.1/../../../../arm-none-eabi/lib/thumb/v7e-m/nofp/libc_nano.a(libc_a-freer.o)
 .ARM.attributes
                0x0000054c       0x2e /opt/st/stm32cubeide_1.16.0_2/plugins/com.st.stm32cube.ide.mcu.externaltools.gnu-tools-for-stm32.12.3.rel1.linux64_1.0.200.202406132123/tools/bin/../lib/gcc/arm-none-eabi/12.3.1/../../../../arm-none-eabi/lib/thumb/v7e-m/nofp/libc_nano.a(libc_a-malloc.o)
 .ARM.attributes
                0x0000057a       0x2e /opt/st/stm32cubeide_1.16.0_2/plugins/com.st.stm32cube.ide.mcu.externaltools.gnu-tools-for-stm32.12.3.rel1.linux64_1.0.200.202406132123/tools/bin/../lib/gcc/arm-none-eabi/12.3.1/../../../../arm-none-eabi/lib/thumb/v7e-m/nofp/libc_nano.a(libc_a-mallocr.o)
 .ARM.attributes
                0x000005a8       0x2e /opt/st/stm32cubeide_1.16.0_2/plugins/com.st.stm32cube.ide.mcu.externaltools.gnu-tools-for-stm32.12.3.rel1.linux64_1.0.200.202406132123/tools/bin/../lib/gcc/arm-none-eabi/12.3.1/../../../../arm-none-eabi/lib/thumb/v7e-m/nofp/libc_nano.a(libc_a-mlock.o)
 .ARM.attributes
                0x000005d6       0x2e /opt/st/stm32cubeide_1.16.0_2/plugins/com.st.stm32cube.ide.mcu.externaltools.gnu-tools-for-stm32.12.3.rel1.linux64_1.0.200.202406132123/tools/bin/../lib/gcc/arm-none-eabi/12.3.1/../../../../arm-none-eabi/lib/thumb/v7e-m/nofp/libc_nano.a(libc_a-mprec.o)
 .ARM.attributes
                0x00000604       0x2e /opt/st/stm32cubeide_1.16.0_2/plugins/com.st.stm32cube.ide.mcu.externaltools.gnu-tools-for-stm32.12.3.rel1.linux64_1.0.200.202406132123/tools/bin/../lib/gcc/arm-none-eabi/12.3.1/../../../../arm-none-eabi/lib/thumb/v7e-m/nofp/libc_nano.a(libc_a-fflush.o)
 .ARM.attributes
                0x00000632       0x2e /opt/st/stm32cubeide_1.16.0_2/plugins/com.st.stm32cube.ide.mcu.externaltools.gnu-tools-for-stm32.12.3.rel1.linux64_1.0.200.202406132123/tools/bin/../lib/gcc/arm-none-eabi/12.3.1/../../../../arm-none-eabi/lib/thumb/v7e-m/nofp/libc_nano.a(libc_a-locale.o)
 .ARM.attributes
                0x00000660       0x2e /opt/st/stm32cubeide_1.16.0_2/plugins/com.st.stm32cube.ide.mcu.externaltools.gnu-tools-for-stm32.12.3.rel1.linux64_1.0.200.202406132123/tools/bin/../lib/gcc/arm-none-eabi/12.3.1/../../../../arm-none-eabi/lib/thumb/v7e-m/nofp/libc_nano.a(libc_a-sbrkr.o)
 .ARM.attributes
                0x0000068e       0x2e /opt/st/stm32cubeide_1.16.0_2/plugins/com.st.stm32cube.ide.mcu.externaltools.gnu-tools-for-stm32.12.3.rel1.linux64_1.0.200.202406132123/tools/bin/../lib/gcc/arm-none-eabi/12.3.1/../../../../arm-none-eabi/lib/thumb/v7e-m/nofp/libc_nano.a(libc_a-memcpy-stub.o)
 .ARM.attributes
                0x000006bc       0x2e /opt/st/stm32cubeide_1.16.0_2/plugins/com.st.stm32cube.ide.mcu.externaltools.gnu-tools-for-stm32.12.3.rel1.linux64_1.0.200.202406132123/tools/bin/../lib/gcc/arm-none-eabi/12.3.1/../../../../arm-none-eabi/lib/thumb/v7e-m/nofp/libc_nano.a(libc_a-assert.o)
 .ARM.attributes
                0x000006ea       0x2e /opt/st/stm32cubeide_1.16.0_2/plugins/com.st.stm32cube.ide.mcu.externaltools.gnu-tools-for-stm32.12.3.rel1.linux64_1.0.200.202406132123/tools/bin/../lib/gcc/arm-none-eabi/12.3.1/../../../../arm-none-eabi/lib/thumb/v7e-m/nofp/libc_nano.a(libc_a-callocr.o)
 .ARM.attributes
                0x00000718       0x2e /opt/st/stm32cubeide_1.16.0_2/plugins/com.st.stm32cube.ide.mcu.externaltools.gnu-tools-for-stm32.12.3.rel1.linux64_1.0.200.202406132123/tools/bin/../lib/gcc/arm-none-eabi/12.3.1/../../../../arm-none-eabi/lib/thumb/v7e-m/nofp/libc_nano.a(libc_a-mbtowc_r.o)
 .ARM.attributes
                0x00000746       0x2e /opt/st/stm32cubeide_1.16.0_2/plugins/com.st.stm32cube.ide.mcu.externaltools.gnu-tools-for-stm32.12.3.rel1.linux64_1.0.200.202406132123/tools/bin/../lib/gcc/arm-none-eabi/12.3.1/../../../../arm-none-eabi/lib/thumb/v7e-m/nofp/libc_nano.a(libc_a-wctomb_r.o)
 .ARM.attributes
                0x00000774       0x2e /opt/st/stm32cubeide_1.16.0_2/plugins/com.st.stm32cube.ide.mcu.externaltools.gnu-tools-for-stm32.12.3.rel1.linux64_1.0.200.202406132123/tools/bin/../lib/gcc/arm-none-eabi/12.3.1/../../../../arm-none-eabi/lib/thumb/v7e-m/nofp/libc_nano.a(libc_a-ctype_.o)
 .ARM.attributes
                0x000007a2       0x2e /opt/st/stm32cubeide_1.16.0_2/plugins/com.st.stm32cube.ide.mcu.externaltools.gnu-tools-for-stm32.12.3.rel1.linux64_1.0.200.202406132123/tools/bin/../lib/gcc/arm-none-eabi/12.3.1/../../../../arm-none-eabi/lib/thumb/v7e-m/nofp/libc_nano.a(libc_a-fprintf.o)
 .ARM.attributes
                0x000007d0       0x2e /opt/st/stm32cubeide_1.16.0_2/plugins/com.st.stm32cube.ide.mcu.externaltools.gnu-tools-for-stm32.12.3.rel1.linux64_1.0.200.202406132123/tools/bin/../lib/gcc/arm-none-eabi/12.3.1/../../../../arm-none-eabi/lib/thumb/v7e-m/nofp/libc_nano.a(libc_a-abort.o)
 .ARM.attributes
                0x000007fe       0x2e /opt/st/stm32cubeide_1.16.0_2/plugins/com.st.stm32cube.ide.mcu.externaltools.gnu-tools-for-stm32.12.3.rel1.linux64_1.0.200.202406132123/tools/bin/../lib/gcc/arm-none-eabi/12.3.1/../../../../arm-none-eabi/lib/thumb/v7e-m/nofp/libc_nano.a(libc_a-nano-vfprintf.o)
 .ARM.attributes
                0x0000082c       0x2e /opt/st/stm32cubeide_1.16.0_2/plugins/com.st.stm32cube.ide.mcu.externaltools.gnu-tools-for-stm32.12.3.rel1.linux64_1.0.200.202406132123/tools/bin/../lib/gcc/arm-none-eabi/12.3.1/../../../../arm-none-eabi/lib/thumb/v7e-m/nofp/libc_nano.a(libc_a-wbuf.o)
 .ARM.attributes
                0x0000085a       0x2e /opt/st/stm32cubeide_1.16.0_2/plugins/com.st.stm32cube.ide.mcu.externaltools.gnu-tools-for-stm32.12.3.rel1.linux64_1.0.200.202406132123/tools/bin/../lib/gcc/arm-none-eabi/12.3.1/../../../../arm-none-eabi/lib/thumb/v7e-m/nofp/libc_nano.a(libc_a-wsetup.o)
 .ARM.attributes
                0x00000888       0x2e /opt/st/stm32cubeide_1.16.0_2/plugins/com.st.stm32cube.ide.mcu.externaltools.gnu-tools-for-stm32.12.3.rel1.linux64_1.0.200.202406132123/tools/bin/../lib/gcc/arm-none-eabi/12.3.1/../../../../arm-none-eabi/lib/thumb/v7e-m/nofp/libc_nano.a(libc_a-signal.o)
 .ARM.attributes
                0x000008b6       0x2e /opt/st/stm32cubeide_1.16.0_2/plugins/com.st.stm32cube.ide.mcu.externaltools.gnu-tools-for-stm32.12.3.rel1.linux64_1.0.200.202406132123/tools/bin/../lib/gcc/arm-none-eabi/12.3.1/../../../../arm-none-eabi/lib/thumb/v7e-m/nofp/libc_nano.a(libc_a-signalr.o)
 .ARM.attributes
                0x000008e4       0x2e /opt/st/stm32cubeide_1.16.0_2/plugins/com.st.stm32cube.ide.mcu.externaltools.gnu-tools-for-stm32.12.3.rel1.linux64_1.0.200.202406132123/tools/bin/../lib/gcc/arm-none-eabi/12.3.1/../../../../arm-none-eabi/lib/thumb/v7e-m/nofp/libc_nano.a(libc_a-makebuf.o)
 .ARM.attributes
                0x00000912       0x2e /opt/st/stm32cubeide_1.16.0_2/plugins/com.st.stm32cube.ide.mcu.externaltools.gnu-tools-for-stm32.12.3.rel1.linux64_1.0.200.202406132123/tools/bin/../lib/gcc/arm-none-eabi/12.3.1/../../../../arm-none-eabi/lib/thumb/v7e-m/nofp/libc_nano.a(libc_a-fstatr.o)
 .ARM.attributes
                0x00000940       0x2e /opt/st/stm32cubeide_1.16.0_2/plugins/com.st.stm32cube.ide.mcu.externaltools.gnu-tools-for-stm32.12.3.rel1.linux64_1.0.200.202406132123/tools/bin/../lib/gcc/arm-none-eabi/12.3.1/../../../../arm-none-eabi/lib/thumb/v7e-m/nofp/libc_nano.a(libc_a-isattyr.o)
 .ARM.attributes
                0x0000096e       0x1e /opt/st/stm32cubeide_1.16.0_2/plugins/com.st.stm32cube.ide.mcu.externaltools.gnu-tools-for-stm32.12.3.rel1.linux64_1.0.200.202406132123/tools/bin/../lib/gcc/arm-none-eabi/12.3.1/thumb/v7e-m/nofp/libgcc.a(_arm_mulsf3.o)
 .ARM.attributes
                0x0000098c       0x1e /opt/st/stm32cubeide_1.16.0_2/plugins/com.st.stm32cube.ide.mcu.externaltools.gnu-tools-for-stm32.12.3.rel1.linux64_1.0.200.202406132123/tools/bin/../lib/gcc/arm-none-eabi/12.3.1/thumb/v7e-m/nofp/libgcc.a(_arm_addsubdf3.o)
 .ARM.attributes
                0x000009aa       0x1e /opt/st/stm32cubeide_1.16.0_2/plugins/com.st.stm32cube.ide.mcu.externaltools.gnu-tools-for-stm32.12.3.rel1.linux64_1.0.200.202406132123/tools/bin/../lib/gcc/arm-none-eabi/12.3.1/thumb/v7e-m/nofp/libgcc.a(_arm_muldivdf3.o)
 .ARM.attributes
                0x000009c8       0x1e /opt/st/stm32cubeide_1.16.0_2/plugins/com.st.stm32cube.ide.mcu.externaltools.gnu-tools-for-stm32.12.3.rel1.linux64_1.0.200.202406132123/tools/bin/../lib/gcc/arm-none-eabi/12.3.1/thumb/v7e-m/nofp/libgcc.a(_arm_cmpdf2.o)
 .ARM.attributes
                0x000009e6       0x1e /opt/st/stm32cubeide_1.16.0_2/plugins/com.st.stm32cube.ide.mcu.externaltools.gnu-tools-for-stm32.12.3.rel1.linux64_1.0.200.202406132123/tools/bin/../lib/gcc/arm-none-eabi/12.3.1/thumb/v7e-m/nofp/libgcc.a(_arm_unorddf2.o)
 .ARM.attributes
                0x00000a04       0x1e /opt/st/stm32cubeide_1.16.0_2/plugins/com.st.stm32cube.ide.mcu.externaltools.gnu-tools-for-stm32.12.3.rel1.linux64_1.0.200.202406132123/tools/bin/../lib/gcc/arm-none-eabi/12.3.1/thumb/v7e-m/nofp/libgcc.a(_arm_fixdfsi.o)
 .ARM.attributes
                0x00000a22       0x1e /opt/st/stm32cubeide_1.16.0_2/plugins/com.st.stm32cube.ide.mcu.externaltools.gnu-tools-for-stm32.12.3.rel1.linux64_1.0.200.202406132123/tools/bin/../lib/gcc/arm-none-eabi/12.3.1/thumb/v7e-m/nofp/libgcc.a(_arm_addsubsf3.o)
 .ARM.attributes
                0x00000a40       0x1e /opt/st/stm32cubeide_1.16.0_2/plugins/com.st.stm32cube.ide.mcu.externaltools.gnu-tools-for-stm32.12.3.rel1.linux64_1.0.200.202406132123/tools/bin/../lib/gcc/arm-none-eabi/12.3.1/thumb/v7e-m/nofp/crtn.o
OUTPUT(ADC_Interfacing.elf elf32-littlearm)
LOAD linker stubs
LOAD /opt/st/stm32cubeide_1.16.0_2/plugins/com.st.stm32cube.ide.mcu.externaltools.gnu-tools-for-stm32.12.3.rel1.linux64_1.0.200.202406132123/tools/bin/../lib/gcc/arm-none-eabi/12.3.1/../../../../arm-none-eabi/lib/thumb/v7e-m/nofp/libc.a
LOAD /opt/st/stm32cubeide_1.16.0_2/plugins/com.st.stm32cube.ide.mcu.externaltools.gnu-tools-for-stm32.12.3.rel1.linux64_1.0.200.202406132123/tools/bin/../lib/gcc/arm-none-eabi/12.3.1/../../../../arm-none-eabi/lib/thumb/v7e-m/nofp/libm.a
LOAD /opt/st/stm32cubeide_1.16.0_2/plugins/com.st.stm32cube.ide.mcu.externaltools.gnu-tools-for-stm32.12.3.rel1.linux64_1.0.200.202406132123/tools/bin/../lib/gcc/arm-none-eabi/12.3.1/thumb/v7e-m/nofp/libgcc.a

.debug_info     0x00000000     0x60b1
 .debug_info    0x00000000      0xf32 ./Core/Src/main.o
 .debug_info    0x00000f32      0x112 ./Core/Src/stm32f4xx_it.o
 .debug_info    0x00001044      0x6a3 ./Core/Src/syscalls.o
 .debug_info    0x000016e7      0x168 ./Core/Src/sysmem.o
 .debug_info    0x0000184f      0x347 ./Core/Src/system_stm32f4xx.o
 .debug_info    0x00001b96       0x30 ./Core/Startup/startup_stm32f411retx.o
 .debug_info    0x00001bc6      0x8c4 ./Drivers/STM32F4xx_HAL_Driver/Src/stm32f4xx_hal.o
 .debug_info    0x0000248a      0xcd1 ./Drivers/STM32F4xx_HAL_Driver/Src/stm32f4xx_hal_adc.o
 .debug_info    0x0000315b     0x2f56 ./Drivers/STM32F4xx_HAL_Driver/Src/stm32f4xx_hal_uart.o

.debug_abbrev   0x00000000      0xe37
 .debug_abbrev  0x00000000      0x29e ./Core/Src/main.o
 .debug_abbrev  0x0000029e       0x73 ./Core/Src/stm32f4xx_it.o
 .debug_abbrev  0x00000311      0x1b6 ./Core/Src/syscalls.o
 .debug_abbrev  0x000004c7       0xbc ./Core/Src/sysmem.o
 .debug_abbrev  0x00000583      0x11c ./Core/Src/system_stm32f4xx.o
 .debug_abbrev  0x0000069f       0x24 ./Core/Startup/startup_stm32f411retx.o
 .debug_abbrev  0x000006c3      0x24b ./Drivers/STM32F4xx_HAL_Driver/Src/stm32f4xx_hal.o
 .debug_abbrev  0x0000090e      0x20e ./Drivers/STM32F4xx_HAL_Driver/Src/stm32f4xx_hal_adc.o
 .debug_abbrev  0x00000b1c      0x31b ./Drivers/STM32F4xx_HAL_Driver/Src/stm32f4xx_hal_uart.o

.debug_aranges  0x00000000      0x5b0
 .debug_aranges
                0x00000000       0x58 ./Core/Src/main.o
 .debug_aranges
                0x00000058       0x60 ./Core/Src/stm32f4xx_it.o
 .debug_aranges
                0x000000b8       0xa8 ./Core/Src/syscalls.o
 .debug_aranges
                0x00000160       0x20 ./Core/Src/sysmem.o
 .debug_aranges
                0x00000180       0x28 ./Core/Src/system_stm32f4xx.o
 .debug_aranges
                0x000001a8       0x28 ./Core/Startup/startup_stm32f411retx.o
 .debug_aranges
                0x000001d0       0xf0 ./Drivers/STM32F4xx_HAL_Driver/Src/stm32f4xx_hal.o
 .debug_aranges
                0x000002c0       0xe8 ./Drivers/STM32F4xx_HAL_Driver/Src/stm32f4xx_hal_adc.o
 .debug_aranges
                0x000003a8      0x208 ./Drivers/STM32F4xx_HAL_Driver/Src/stm32f4xx_hal_uart.o

.debug_rnglists
                0x00000000      0x461
 .debug_rnglists
                0x00000000       0x3f ./Core/Src/main.o
 .debug_rnglists
                0x0000003f       0x43 ./Core/Src/stm32f4xx_it.o
 .debug_rnglists
                0x00000082       0x79 ./Core/Src/syscalls.o
 .debug_rnglists
                0x000000fb       0x13 ./Core/Src/sysmem.o
 .debug_rnglists
                0x0000010e       0x1a ./Core/Src/system_stm32f4xx.o
 .debug_rnglists
                0x00000128       0x19 ./Core/Startup/startup_stm32f411retx.o
 .debug_rnglists
                0x00000141       0xaf ./Drivers/STM32F4xx_HAL_Driver/Src/stm32f4xx_hal.o
 .debug_rnglists
                0x000001f0       0xb5 ./Drivers/STM32F4xx_HAL_Driver/Src/stm32f4xx_hal_adc.o
 .debug_rnglists
                0x000002a5      0x1bc ./Drivers/STM32F4xx_HAL_Driver/Src/stm32f4xx_hal_uart.o

.debug_macro    0x00000000    0x16e05
 .debug_macro   0x00000000      0x2cf ./Core/Src/main.o
 .debug_macro   0x000002cf      0xaa8 ./Core/Src/main.o
 .debug_macro   0x00000d77      0x29b ./Core/Src/main.o
 .debug_macro   0x00001012       0x2e ./Core/Src/main.o
 .debug_macro   0x00001040       0x28 ./Core/Src/main.o
 .debug_macro   0x00001068       0x22 ./Core/Src/main.o
 .debug_macro   0x0000108a       0x8e ./Core/Src/main.o
 .debug_macro   0x00001118       0x51 ./Core/Src/main.o
 .debug_macro   0x00001169      0x103 ./Core/Src/main.o
 .debug_macro   0x0000126c       0x6a ./Core/Src/main.o
 .debug_macro   0x000012d6      0x1df ./Core/Src/main.o
 .debug_macro   0x000014b5       0x1c ./Core/Src/main.o
 .debug_macro   0x000014d1       0x22 ./Core/Src/main.o
 .debug_macro   0x000014f3       0xfb ./Core/Src/main.o
 .debug_macro   0x000015ee     0x1011 ./Core/Src/main.o
 .debug_macro   0x000025ff      0x11f ./Core/Src/main.o
 .debug_macro   0x0000271e     0xb953 ./Core/Src/main.o
 .debug_macro   0x0000e071       0x6d ./Core/Src/main.o
 .debug_macro   0x0000e0de     0x368c ./Core/Src/main.o
 .debug_macro   0x0001176a      0x189 ./Core/Src/main.o
 .debug_macro   0x000118f3       0x5c ./Core/Src/main.o
 .debug_macro   0x0001194f      0x45c ./Core/Src/main.o
 .debug_macro   0x00011dab      0x9e9 ./Core/Src/main.o
 .debug_macro   0x00012794      0x115 ./Core/Src/main.o
 .debug_macro   0x000128a9      0x11b ./Core/Src/main.o
 .debug_macro   0x000129c4       0xa5 ./Core/Src/main.o
 .debug_macro   0x00012a69      0x15f ./Core/Src/main.o
 .debug_macro   0x00012bc8      0x287 ./Core/Src/main.o
 .debug_macro   0x00012e4f       0x5f ./Core/Src/main.o
 .debug_macro   0x00012eae      0x236 ./Core/Src/main.o
 .debug_macro   0x000130e4      0x9e1 ./Core/Src/main.o
 .debug_macro   0x00013ac5      0x38b ./Core/Src/main.o
 .debug_macro   0x00013e50      0x17d ./Core/Src/main.o
 .debug_macro   0x00013fcd       0xf9 ./Core/Src/main.o
 .debug_macro   0x000140c6      0x132 ./Core/Src/main.o
 .debug_macro   0x000141f8      0x264 ./Core/Src/main.o
 .debug_macro   0x0001445c       0x2e ./Core/Src/main.o
 .debug_macro   0x0001448a      0x127 ./Core/Src/main.o
 .debug_macro   0x000145b1       0x85 ./Core/Src/main.o
 .debug_macro   0x00014636       0x89 ./Core/Src/main.o
 .debug_macro   0x000146bf      0x2aa ./Core/Src/main.o
 .debug_macro   0x00014969      0x126 ./Core/Src/main.o
 .debug_macro   0x00014a8f       0x58 ./Core/Src/main.o
 .debug_macro   0x00014ae7       0x61 ./Core/Src/main.o
 .debug_macro   0x00014b48       0x24 ./Core/Src/main.o
 .debug_macro   0x00014b6c       0x43 ./Core/Src/main.o
 .debug_macro   0x00014baf       0x34 ./Core/Src/main.o
 .debug_macro   0x00014be3       0x16 ./Core/Src/main.o
 .debug_macro   0x00014bf9       0x35 ./Core/Src/main.o
 .debug_macro   0x00014c2e      0x369 ./Core/Src/main.o
 .debug_macro   0x00014f97       0x10 ./Core/Src/main.o
 .debug_macro   0x00014fa7       0x16 ./Core/Src/main.o
 .debug_macro   0x00014fbd       0x43 ./Core/Src/main.o
 .debug_macro   0x00015000       0x34 ./Core/Src/main.o
 .debug_macro   0x00015034       0x10 ./Core/Src/main.o
 .debug_macro   0x00015044       0x58 ./Core/Src/main.o
 .debug_macro   0x0001509c       0x8e ./Core/Src/main.o
 .debug_macro   0x0001512a       0x1c ./Core/Src/main.o
 .debug_macro   0x00015146      0x177 ./Core/Src/main.o
 .debug_macro   0x000152bd       0x16 ./Core/Src/main.o
 .debug_macro   0x000152d3       0x16 ./Core/Src/main.o
 .debug_macro   0x000152e9      0x146 ./Core/Src/main.o
 .debug_macro   0x0001542f      0x1fb ./Core/Src/stm32f4xx_it.o
 .debug_macro   0x0001562a      0x274 ./Core/Src/syscalls.o
 .debug_macro   0x0001589e       0x5b ./Core/Src/syscalls.o
 .debug_macro   0x000158f9       0x94 ./Core/Src/syscalls.o
 .debug_macro   0x0001598d       0x57 ./Core/Src/syscalls.o
 .debug_macro   0x000159e4       0x10 ./Core/Src/syscalls.o
 .debug_macro   0x000159f4       0x10 ./Core/Src/syscalls.o
 .debug_macro   0x00015a04       0x10 ./Core/Src/syscalls.o
 .debug_macro   0x00015a14       0x10 ./Core/Src/syscalls.o
 .debug_macro   0x00015a24       0x1c ./Core/Src/syscalls.o
 .debug_macro   0x00015a40       0x52 ./Core/Src/syscalls.o
 .debug_macro   0x00015a92       0x22 ./Core/Src/syscalls.o
 .debug_macro   0x00015ab4       0x10 ./Core/Src/syscalls.o
 .debug_macro   0x00015ac4       0x52 ./Core/Src/syscalls.o
 .debug_macro   0x00015b16       0xcf ./Core/Src/syscalls.o
 .debug_macro   0x00015be5       0x1c ./Core/Src/syscalls.o
 .debug_macro   0x00015c01       0x3d ./Core/Src/syscalls.o
 .debug_macro   0x00015c3e       0x35 ./Core/Src/syscalls.o
 .debug_macro   0x00015c73      0x12c ./Core/Src/syscalls.o
 .debug_macro   0x00015d9f       0x16 ./Core/Src/syscalls.o
 .debug_macro   0x00015db5       0x16 ./Core/Src/syscalls.o
 .debug_macro   0x00015dcb       0x29 ./Core/Src/syscalls.o
 .debug_macro   0x00015df4       0x10 ./Core/Src/syscalls.o
 .debug_macro   0x00015e04      0x242 ./Core/Src/syscalls.o
 .debug_macro   0x00016046       0x1c ./Core/Src/syscalls.o
 .debug_macro   0x00016062       0x10 ./Core/Src/syscalls.o
 .debug_macro   0x00016072      0x18a ./Core/Src/syscalls.o
 .debug_macro   0x000161fc       0x16 ./Core/Src/syscalls.o
 .debug_macro   0x00016212       0xce ./Core/Src/syscalls.o
 .debug_macro   0x000162e0       0xff ./Core/Src/sysmem.o
 .debug_macro   0x000163df      0x23c ./Core/Src/sysmem.o
 .debug_macro   0x0001661b      0x1e2 ./Core/Src/system_stm32f4xx.o
 .debug_macro   0x000167fd      0x242 ./Drivers/STM32F4xx_HAL_Driver/Src/stm32f4xx_hal.o
 .debug_macro   0x00016a3f      0x1e3 ./Drivers/STM32F4xx_HAL_Driver/Src/stm32f4xx_hal_adc.o
 .debug_macro   0x00016c22      0x1e3 ./Drivers/STM32F4xx_HAL_Driver/Src/stm32f4xx_hal_uart.o

.debug_line     0x00000000     0x68c0
 .debug_line    0x00000000      0x97a ./Core/Src/main.o
 .debug_line    0x0000097a      0x774 ./Core/Src/stm32f4xx_it.o
 .debug_line    0x000010ee      0x7f1 ./Core/Src/syscalls.o
 .debug_line    0x000018df      0x4c2 ./Core/Src/sysmem.o
 .debug_line    0x00001da1      0x72e ./Core/Src/system_stm32f4xx.o
 .debug_line    0x000024cf       0x7a ./Core/Startup/startup_stm32f411retx.o
 .debug_line    0x00002549      0x99f ./Drivers/STM32F4xx_HAL_Driver/Src/stm32f4xx_hal.o
 .debug_line    0x00002ee8     0x1167 ./Drivers/STM32F4xx_HAL_Driver/Src/stm32f4xx_hal_adc.o
 .debug_line    0x0000404f     0x2871 ./Drivers/STM32F4xx_HAL_Driver/Src/stm32f4xx_hal_uart.o

.debug_str      0x00000000    0x92b4b
 .debug_str     0x00000000    0x8f509 ./Core/Src/main.o
                              0x8f836 (size before relaxing)
 .debug_str     0x0008f509       0xc9 ./Core/Src/stm32f4xx_it.o
                              0x8b79b (size before relaxing)
 .debug_str     0x0008f5d2     0x20b0 ./Core/Src/syscalls.o
                               0x9877 (size before relaxing)
 .debug_str     0x00091682       0x6b ./Core/Src/sysmem.o
                               0x608f (size before relaxing)
 .debug_str     0x000916ed       0x87 ./Core/Src/system_stm32f4xx.o
                              0x8b75d (size before relaxing)
 .debug_str     0x00091774       0x44 ./Core/Startup/startup_stm32f411retx.o
                                 0x82 (size before relaxing)
 .debug_str     0x000917b8      0x9d2 ./Drivers/STM32F4xx_HAL_Driver/Src/stm32f4xx_hal.o
                              0x8c1dd (size before relaxing)
 .debug_str     0x0009218a      0x324 ./Drivers/STM32F4xx_HAL_Driver/Src/stm32f4xx_hal_adc.o
                              0x8bd8c (size before relaxing)
 .debug_str     0x000924ae      0x69d ./Drivers/STM32F4xx_HAL_Driver/Src/stm32f4xx_hal_uart.o
                              0x8c1b4 (size before relaxing)

.comment        0x00000000       0x43
 .comment       0x00000000       0x43 ./Core/Src/main.o
                                 0x44 (size before relaxing)
 .comment       0x00000043       0x44 ./Core/Src/stm32f4xx_it.o
 .comment       0x00000043       0x44 ./Core/Src/syscalls.o
 .comment       0x00000043       0x44 ./Core/Src/sysmem.o
 .comment       0x00000043       0x44 ./Core/Src/system_stm32f4xx.o
 .comment       0x00000043       0x44 ./Drivers/STM32F4xx_HAL_Driver/Src/stm32f4xx_hal.o
 .comment       0x00000043       0x44 ./Drivers/STM32F4xx_HAL_Driver/Src/stm32f4xx_hal_adc.o
 .comment       0x00000043       0x44 ./Drivers/STM32F4xx_HAL_Driver/Src/stm32f4xx_hal_uart.o

.debug_frame    0x00000000     0x26ac
 .debug_frame   0x00000000      0x110 ./Core/Src/main.o
 .debug_frame   0x00000110      0x104 ./Core/Src/stm32f4xx_it.o
 .debug_frame   0x00000214      0x2ac ./Core/Src/syscalls.o
 .debug_frame   0x000004c0       0x34 ./Core/Src/sysmem.o
 .debug_frame   0x000004f4       0x58 ./Core/Src/system_stm32f4xx.o
 .debug_frame   0x0000054c      0x374 ./Drivers/STM32F4xx_HAL_Driver/Src/stm32f4xx_hal.o
 .debug_frame   0x000008c0      0x3fc ./Drivers/STM32F4xx_HAL_Driver/Src/stm32f4xx_hal_adc.o
 .debug_frame   0x00000cbc      0x954 ./Drivers/STM32F4xx_HAL_Driver/Src/stm32f4xx_hal_uart.o
 .debug_frame   0x00001610       0x94 /opt/st/stm32cubeide_1.16.0_2/plugins/com.st.stm32cube.ide.mcu.externaltools.gnu-tools-for-stm32.12.3.rel1.linux64_1.0.200.202406132123/tools/bin/../lib/gcc/arm-none-eabi/12.3.1/../../../../arm-none-eabi/lib/thumb/v7e-m/nofp/libc_nano.a(libc_a-nano-vfprintf_float.o)
 .debug_frame   0x000016a4       0x60 /opt/st/stm32cubeide_1.16.0_2/plugins/com.st.stm32cube.ide.mcu.externaltools.gnu-tools-for-stm32.12.3.rel1.linux64_1.0.200.202406132123/tools/bin/../lib/gcc/arm-none-eabi/12.3.1/../../../../arm-none-eabi/lib/thumb/v7e-m/nofp/libc_nano.a(libc_a-nano-vfprintf_i.o)
 .debug_frame   0x00001704      0x144 /opt/st/stm32cubeide_1.16.0_2/plugins/com.st.stm32cube.ide.mcu.externaltools.gnu-tools-for-stm32.12.3.rel1.linux64_1.0.200.202406132123/tools/bin/../lib/gcc/arm-none-eabi/12.3.1/../../../../arm-none-eabi/lib/thumb/v7e-m/nofp/libc_nano.a(libc_a-findfp.o)
 .debug_frame   0x00001848       0x34 /opt/st/stm32cubeide_1.16.0_2/plugins/com.st.stm32cube.ide.mcu.externaltools.gnu-tools-for-stm32.12.3.rel1.linux64_1.0.200.202406132123/tools/bin/../lib/gcc/arm-none-eabi/12.3.1/../../../../arm-none-eabi/lib/thumb/v7e-m/nofp/libc_nano.a(libc_a-fwalk.o)
 .debug_frame   0x0000187c       0x88 /opt/st/stm32cubeide_1.16.0_2/plugins/com.st.stm32cube.ide.mcu.externaltools.gnu-tools-for-stm32.12.3.rel1.linux64_1.0.200.202406132123/tools/bin/../lib/gcc/arm-none-eabi/12.3.1/../../../../arm-none-eabi/lib/thumb/v7e-m/nofp/libc_nano.a(libc_a-stdio.o)
 .debug_frame   0x00001904       0x20 /opt/st/stm32cubeide_1.16.0_2/plugins/com.st.stm32cube.ide.mcu.externaltools.gnu-tools-for-stm32.12.3.rel1.linux64_1.0.200.202406132123/tools/bin/../lib/gcc/arm-none-eabi/12.3.1/../../../../arm-none-eabi/lib/thumb/v7e-m/nofp/libc_nano.a(libc_a-memset.o)
 .debug_frame   0x00001924       0x40 /opt/st/stm32cubeide_1.16.0_2/plugins/com.st.stm32cube.ide.mcu.externaltools.gnu-tools-for-stm32.12.3.rel1.linux64_1.0.200.202406132123/tools/bin/../lib/gcc/arm-none-eabi/12.3.1/../../../../arm-none-eabi/lib/thumb/v7e-m/nofp/libc_nano.a(libc_a-localeconv.o)
 .debug_frame   0x00001964       0x2c /opt/st/stm32cubeide_1.16.0_2/plugins/com.st.stm32cube.ide.mcu.externaltools.gnu-tools-for-stm32.12.3.rel1.linux64_1.0.200.202406132123/tools/bin/../lib/gcc/arm-none-eabi/12.3.1/../../../../arm-none-eabi/lib/thumb/v7e-m/nofp/libc_nano.a(libc_a-closer.o)
 .debug_frame   0x00001990       0x38 /opt/st/stm32cubeide_1.16.0_2/plugins/com.st.stm32cube.ide.mcu.externaltools.gnu-tools-for-stm32.12.3.rel1.linux64_1.0.200.202406132123/tools/bin/../lib/gcc/arm-none-eabi/12.3.1/../../../../arm-none-eabi/lib/thumb/v7e-m/nofp/libc_nano.a(libc_a-reent.o)
 .debug_frame   0x000019c8       0x2c /opt/st/stm32cubeide_1.16.0_2/plugins/com.st.stm32cube.ide.mcu.externaltools.gnu-tools-for-stm32.12.3.rel1.linux64_1.0.200.202406132123/tools/bin/../lib/gcc/arm-none-eabi/12.3.1/../../../../arm-none-eabi/lib/thumb/v7e-m/nofp/libc_nano.a(libc_a-lseekr.o)